ARM Linker, 5.03 [Build 76] [MDK-ARM Standard]

==============================================================================

Section Cross References

    system_stm32f1xx.o(i.SystemCoreClockUpdate) refers to system_stm32f1xx.o(.data) for .data
    stm32f1xx_hal_rcc.o(i.HAL_RCC_ClockConfig) refers to stm32f1xx_hal.o(i.HAL_GetTick) for HAL_GetTick
    stm32f1xx_hal_rcc.o(i.HAL_RCC_ClockConfig) refers to stm32f1xx_hal.o(i.HAL_InitTick) for HAL_InitTick
    stm32f1xx_hal_rcc.o(i.HAL_RCC_GetHCLKFreq) refers to stm32f1xx_hal_rcc.o(i.HAL_RCC_GetSysClockFreq) for HAL_RCC_GetSysClockFreq
    stm32f1xx_hal_rcc.o(i.HAL_RCC_GetHCLKFreq) refers to stm32f1xx_hal_rcc.o(.constdata) for .constdata
    stm32f1xx_hal_rcc.o(i.HAL_RCC_GetHCLKFreq) refers to system_stm32f1xx.o(.data) for SystemCoreClock
    stm32f1xx_hal_rcc.o(i.HAL_RCC_GetPCLK1Freq) refers to stm32f1xx_hal_rcc.o(i.HAL_RCC_GetHCLKFreq) for HAL_RCC_GetHCLKFreq
    stm32f1xx_hal_rcc.o(i.HAL_RCC_GetPCLK1Freq) refers to stm32f1xx_hal_rcc.o(.constdata) for .constdata
    stm32f1xx_hal_rcc.o(i.HAL_RCC_GetPCLK2Freq) refers to stm32f1xx_hal_rcc.o(i.HAL_RCC_GetHCLKFreq) for HAL_RCC_GetHCLKFreq
    stm32f1xx_hal_rcc.o(i.HAL_RCC_GetPCLK2Freq) refers to stm32f1xx_hal_rcc.o(.constdata) for .constdata
    stm32f1xx_hal_rcc.o(i.HAL_RCC_MCOConfig) refers to stm32f1xx_hal_gpio.o(i.HAL_GPIO_Init) for HAL_GPIO_Init
    stm32f1xx_hal_rcc.o(i.HAL_RCC_NMI_IRQHandler) refers to stm32f1xx_hal_rcc.o(i.HAL_RCC_CSSCallback) for HAL_RCC_CSSCallback
    stm32f1xx_hal_rcc.o(i.HAL_RCC_OscConfig) refers to stm32f1xx_hal.o(i.HAL_GetTick) for HAL_GetTick
    stm32f1xx_hal_rcc.o(i.HAL_RCC_OscConfig) refers to stm32f1xx_hal.o(i.HAL_Delay) for HAL_Delay
    stm32f1xx_hal_pwr.o(i.HAL_PWR_EnterSTOPMode) refers to stm32f1xx_hal_pwr.o(i.PWR_OverloadWfe) for PWR_OverloadWfe
    stm32f1xx_hal_pwr.o(i.HAL_PWR_PVD_IRQHandler) refers to stm32f1xx_hal_pwr.o(i.HAL_PWR_PVDCallback) for HAL_PWR_PVDCallback
    stm32f1xx_hal_adc.o(i.ADC_ConversionStop_Disable) refers to stm32f1xx_hal.o(i.HAL_GetTick) for HAL_GetTick
    stm32f1xx_hal_adc.o(i.ADC_DMAConvCplt) refers to stm32f1xx_hal_adc.o(i.HAL_ADC_ConvCpltCallback) for HAL_ADC_ConvCpltCallback
    stm32f1xx_hal_adc.o(i.ADC_DMAError) refers to stm32f1xx_hal_adc.o(i.HAL_ADC_ErrorCallback) for HAL_ADC_ErrorCallback
    stm32f1xx_hal_adc.o(i.ADC_DMAHalfConvCplt) refers to stm32f1xx_hal_adc.o(i.HAL_ADC_ConvHalfCpltCallback) for HAL_ADC_ConvHalfCpltCallback
    stm32f1xx_hal_adc.o(i.ADC_Enable) refers to stm32f1xx_hal.o(i.HAL_GetTick) for HAL_GetTick
    stm32f1xx_hal_adc.o(i.ADC_Enable) refers to system_stm32f1xx.o(.data) for SystemCoreClock
    stm32f1xx_hal_adc.o(i.HAL_ADC_ConfigChannel) refers to system_stm32f1xx.o(.data) for SystemCoreClock
    stm32f1xx_hal_adc.o(i.HAL_ADC_DeInit) refers to stm32f1xx_hal_adc.o(i.ADC_ConversionStop_Disable) for ADC_ConversionStop_Disable
    stm32f1xx_hal_adc.o(i.HAL_ADC_DeInit) refers to stm32f1xx_hal_msp.o(i.HAL_ADC_MspDeInit) for HAL_ADC_MspDeInit
    stm32f1xx_hal_adc.o(i.HAL_ADC_IRQHandler) refers to stm32f1xx_hal_adc.o(i.HAL_ADC_ConvCpltCallback) for HAL_ADC_ConvCpltCallback
    stm32f1xx_hal_adc.o(i.HAL_ADC_IRQHandler) refers to stm32f1xx_hal_adc_ex.o(i.HAL_ADCEx_InjectedConvCpltCallback) for HAL_ADCEx_InjectedConvCpltCallback
    stm32f1xx_hal_adc.o(i.HAL_ADC_IRQHandler) refers to stm32f1xx_hal_adc.o(i.HAL_ADC_LevelOutOfWindowCallback) for HAL_ADC_LevelOutOfWindowCallback
    stm32f1xx_hal_adc.o(i.HAL_ADC_Init) refers to stm32f1xx_hal_msp.o(i.HAL_ADC_MspInit) for HAL_ADC_MspInit
    stm32f1xx_hal_adc.o(i.HAL_ADC_Init) refers to stm32f1xx_hal_adc.o(i.ADC_ConversionStop_Disable) for ADC_ConversionStop_Disable
    stm32f1xx_hal_adc.o(i.HAL_ADC_PollForConversion) refers to stm32f1xx_hal.o(i.HAL_GetTick) for HAL_GetTick
    stm32f1xx_hal_adc.o(i.HAL_ADC_PollForConversion) refers to stm32f1xx_hal_rcc_ex.o(i.HAL_RCCEx_GetPeriphCLKFreq) for HAL_RCCEx_GetPeriphCLKFreq
    stm32f1xx_hal_adc.o(i.HAL_ADC_PollForConversion) refers to system_stm32f1xx.o(.data) for SystemCoreClock
    stm32f1xx_hal_adc.o(i.HAL_ADC_PollForEvent) refers to stm32f1xx_hal.o(i.HAL_GetTick) for HAL_GetTick
    stm32f1xx_hal_adc.o(i.HAL_ADC_Start) refers to stm32f1xx_hal_adc.o(i.ADC_Enable) for ADC_Enable
    stm32f1xx_hal_adc.o(i.HAL_ADC_Start_DMA) refers to stm32f1xx_hal_adc.o(i.ADC_Enable) for ADC_Enable
    stm32f1xx_hal_adc.o(i.HAL_ADC_Start_DMA) refers to stm32f1xx_hal_dma.o(i.HAL_DMA_Start_IT) for HAL_DMA_Start_IT
    stm32f1xx_hal_adc.o(i.HAL_ADC_Start_DMA) refers to stm32f1xx_hal_adc.o(i.ADC_DMAConvCplt) for ADC_DMAConvCplt
    stm32f1xx_hal_adc.o(i.HAL_ADC_Start_DMA) refers to stm32f1xx_hal_adc.o(i.ADC_DMAHalfConvCplt) for ADC_DMAHalfConvCplt
    stm32f1xx_hal_adc.o(i.HAL_ADC_Start_DMA) refers to stm32f1xx_hal_adc.o(i.ADC_DMAError) for ADC_DMAError
    stm32f1xx_hal_adc.o(i.HAL_ADC_Start_IT) refers to stm32f1xx_hal_adc.o(i.ADC_Enable) for ADC_Enable
[...]
    stm32f1xx_hal.o(i.HAL_InitTick) refers to stm32f1xx_hal_cortex.o(i.HAL_SYSTICK_Config) for HAL_SYSTICK_Config
    stm32f1xx_hal.o(i.HAL_InitTick) refers to stm32f1xx_hal_cortex.o(i.HAL_NVIC_SetPriority) for HAL_NVIC_SetPriority
    stm32f1xx_hal_cortex.o(i.HAL_NVIC_SetPriority) refers to stm32f1xx_hal_cortex.o(i.NVIC_SetPriority) for NVIC_SetPriority
    stm32f1xx_hal_cortex.o(i.HAL_SYSTICK_Config) refers to stm32f1xx_hal_cortex.o(i.NVIC_SetPriority) for NVIC_SetPriority
    stm32f1xx_hal_cortex.o(i.HAL_SYSTICK_IRQHandler) refers to stm32f1xx_hal_cortex.o(i.HAL_SYSTICK_Callback) for HAL_SYSTICK_Callback
    stm32f1xx_hal_tim_ex.o(i.HAL_TIMEx_ConfigCommutationEvent_DMA) refers to stm32f1xx_hal_tim_ex.o(i.TIMEx_DMACommutationCplt) for TIMEx_DMACommutationCplt
    stm32f1xx_hal_tim_ex.o(i.HAL_TIMEx_ConfigCommutationEvent_DMA) refers to stm32f1xx_hal_tim.o(i.TIM_DMAError) for TIM_DMAError
    stm32f1xx_hal_tim_ex.o(i.HAL_TIMEx_HallSensor_DeInit) refers to stm32f1xx_hal_tim_ex.o(i.HAL_TIMEx_HallSensor_MspDeInit) for HAL_TIMEx_HallSensor_MspDeInit
    stm32f1xx_hal_tim_ex.o(i.HAL_TIMEx_HallSensor_Init) refers to stm32f1xx_hal_tim_ex.o(i.HAL_TIMEx_HallSensor_MspInit) for HAL_TIMEx_HallSensor_MspInit
    stm32f1xx_hal_tim_ex.o(i.HAL_TIMEx_HallSensor_Init) refers to stm32f1xx_hal_tim.o(i.TIM_Base_SetConfig) for TIM_Base_SetConfig
    stm32f1xx_hal_tim_ex.o(i.HAL_TIMEx_HallSensor_Init) refers to stm32f1xx_hal_tim.o(i.TIM_TI1_SetConfig) for TIM_TI1_SetConfig
    stm32f1xx_hal_tim_ex.o(i.HAL_TIMEx_HallSensor_Init) refers to stm32f1xx_hal_tim.o(i.TIM_OC2_SetConfig) for TIM_OC2_SetConfig
    stm32f1xx_hal_tim_ex.o(i.HAL_TIMEx_HallSensor_Start) refers to stm32f1xx_hal_tim.o(i.TIM_CCxChannelCmd) for TIM_CCxChannelCmd
    stm32f1xx_hal_tim_ex.o(i.HAL_TIMEx_HallSensor_Start_DMA) refers to stm32f1xx_hal_tim.o(i.TIM_CCxChannelCmd) for TIM_CCxChannelCmd
    stm32f1xx_hal_tim_ex.o(i.HAL_TIMEx_HallSensor_Start_DMA) refers to stm32f1xx_hal_dma.o(i.HAL_DMA_Start_IT) for HAL_DMA_Start_IT
    stm32f1xx_hal_tim_ex.o(i.HAL_TIMEx_HallSensor_Start_DMA) refers to stm32f1xx_hal_tim.o(i.TIM_DMACaptureCplt) for TIM_DMACaptureCplt
    stm32f1xx_hal_tim_ex.o(i.HAL_TIMEx_HallSensor_Start_DMA) refers to stm32f1xx_hal_tim.o(i.TIM_DMAError) for TIM_DMAError
    stm32f1xx_hal_tim_ex.o(i.HAL_TIMEx_HallSensor_Start_IT) refers to stm32f1xx_hal_tim.o(i.TIM_CCxChannelCmd) for TIM_CCxChannelCmd
    stm32f1xx_hal_tim_ex.o(i.HAL_TIMEx_HallSensor_Stop) refers to stm32f1xx_hal_tim.o(i.TIM_CCxChannelCmd) for TIM_CCxChannelCmd
    stm32f1xx_hal_tim_ex.o(i.HAL_TIMEx_HallSensor_Stop_DMA) refers to stm32f1xx_hal_tim.o(i.TIM_CCxChannelCmd) for TIM_CCxChannelCmd
    stm32f1xx_hal_tim_ex.o(i.HAL_TIMEx_HallSensor_Stop_IT) refers to stm32f1xx_hal_tim.o(i.TIM_CCxChannelCmd) for TIM_CCxChannelCmd
    stm32f1xx_hal_tim_ex.o(i.HAL_TIMEx_OCN_Start) refers to stm32f1xx_hal_tim_ex.o(i.TIM_CCxNChannelCmd) for TIM_CCxNChannelCmd
    stm32f1xx_hal_tim_ex.o(i.HAL_TIMEx_OCN_Start_DMA) refers to stm32f1xx_hal_dma.o(i.HAL_DMA_Start_IT) for HAL_DMA_Start_IT
    stm32f1xx_hal_tim_ex.o(i.HAL_TIMEx_OCN_Start_DMA) refers to stm32f1xx_hal_tim_ex.o(i.TIM_CCxNChannelCmd) for TIM_CCxNChannelCmd
    stm32f1xx_hal_tim_ex.o(i.HAL_TIMEx_OCN_Start_DMA) refers to stm32f1xx_hal_tim.o(i.TIM_DMADelayPulseCplt) for TIM_DMADelayPulseCplt
    stm32f1xx_hal_tim_ex.o(i.HAL_TIMEx_OCN_Start_DMA) refers to stm32f1xx_hal_tim.o(i.TIM_DMAError) for TIM_DMAError
    stm32f1xx_hal_tim_ex.o(i.HAL_TIMEx_OCN_Start_IT) refers to stm32f1xx_hal_tim_ex.o(i.TIM_CCxNChannelCmd) for TIM_CCxNChannelCmd
    stm32f1xx_hal_tim_ex.o(i.HAL_TIMEx_OCN_Stop) refers to stm32f1xx_hal_tim_ex.o(i.TIM_CCxNChannelCmd) for TIM_CCxNChannelCmd
    stm32f1xx_hal_tim_ex.o(i.HAL_TIMEx_OCN_Stop_DMA) refers to stm32f1xx_hal_tim_ex.o(i.TIM_CCxNChannelCmd) for TIM_CCxNChannelCmd
    stm32f1xx_hal_tim_ex.o(i.HAL_TIMEx_OCN_Stop_IT) refers to stm32f1xx_hal_tim_ex.o(i.TIM_CCxNChannelCmd) for TIM_CCxNChannelCmd
    stm32f1xx_hal_tim_ex.o(i.HAL_TIMEx_OnePulseN_Start) refers to stm32f1xx_hal_tim_ex.o(i.TIM_CCxNChannelCmd) for TIM_CCxNChannelCmd
    stm32f1xx_hal_tim_ex.o(i.HAL_TIMEx_OnePulseN_Start_IT) refers to stm32f1xx_hal_tim_ex.o(i.TIM_CCxNChannelCmd) for TIM_CCxNChannelCmd
    stm32f1xx_hal_tim_ex.o(i.HAL_TIMEx_OnePulseN_Stop) refers to stm32f1xx_hal_tim_ex.o(i.TIM_CCxNChannelCmd) for TIM_CCxNChannelCmd
    stm32f1xx_hal_tim_ex.o(i.HAL_TIMEx_OnePulseN_Stop_IT) refers to stm32f1xx_hal_tim_ex.o(i.TIM_CCxNChannelCmd) for TIM_CCxNChannelCmd
    stm32f1xx_hal_tim_ex.o(i.HAL_TIMEx_PWMN_Start) refers to stm32f1xx_hal_tim_ex.o(i.TIM_CCxNChannelCmd) for TIM_CCxNChannelCmd
    stm32f1xx_hal_tim_ex.o(i.HAL_TIMEx_PWMN_Start_DMA) refers to stm32f1xx_hal_dma.o(i.HAL_DMA_Start_IT) for HAL_DMA_Start_IT
    stm32f1xx_hal_tim_ex.o(i.HAL_TIMEx_PWMN_Start_DMA) refers to stm32f1xx_hal_tim_ex.o(i.TIM_CCxNChannelCmd) for TIM_CCxNChannelCmd
    stm32f1xx_hal_tim_ex.o(i.HAL_TIMEx_PWMN_Start_DMA) refers to stm32f1xx_hal_tim.o(i.TIM_DMADelayPulseCplt) for TIM_DMADelayPulseCplt
    stm32f1xx_hal_tim_ex.o(i.HAL_TIMEx_PWMN_Start_DMA) refers to stm32f1xx_hal_tim.o(i.TIM_DMAError) for TIM_DMAError
    stm32f1xx_hal_tim_ex.o(i.HAL_TIMEx_PWMN_Start_IT) refers to stm32f1xx_hal_tim_ex.o(i.TIM_CCxNChannelCmd) for TIM_CCxNChannelCmd
    stm32f1xx_hal_tim_ex.o(i.HAL_TIMEx_PWMN_Stop) refers to stm32f1xx_hal_tim_ex.o(i.TIM_CCxNChannelCmd) for TIM_CCxNChannelCmd
    stm32f1xx_hal_tim_ex.o(i.HAL_TIMEx_PWMN_Stop_DMA) refers to stm32f1xx_hal_tim_ex.o(i.TIM_CCxNChannelCmd) for TIM_CCxNChannelCmd
    stm32f1xx_hal_tim_ex.o(i.HAL_TIMEx_PWMN_Stop_IT) refers to stm32f1xx_hal_tim_ex.o(i.TIM_CCxNChannelCmd) for TIM_CCxNChannelCmd
    stm32f1xx_hal_tim_ex.o(i.TIMEx_DMACommutationCplt) refers to stm32f1xx_hal_tim_ex.o(i.HAL_TIMEx_CommutationCallback) for HAL_TIMEx_CommutationCallback
    stm32f1xx_it.o(i.ADC1_2_IRQHandler) refers to stm32f1xx_hal_adc.o(i.HAL_ADC_IRQHandler) for HAL_ADC_IRQHandler
    stm32f1xx_it.o(i.ADC1_2_IRQHandler) refers to main.o(.bss) for hadc1
    stm32f1xx_it.o(i.DMA1_Channel1_IRQHandler) refers to stm32f1xx_hal_dma.o(i.HAL_DMA_IRQHandler) for HAL_DMA_IRQHandler
    stm32f1xx_it.o(i.DMA1_Channel1_IRQHandler) refers to main.o(.bss) for hdma_adc1
    stm32f1xx_it.o(i.SysTick_Handler) refers to tasks.o(i.xTaskGetSchedulerState) for xTaskGetSchedulerState
    stm32f1xx_it.o(i.SysTick_Handler) refers to port.o(i.xPortSysTickHandler) for xPortSysTickHandler
    stm32f1xx_it.o(i.SysTick_Handler) refers to stm32f1xx_hal.o(i.HAL_IncTick) for HAL_IncTick
    stm32f1xx_it.o(i.TIM1_UP_IRQHandler) refers to stm32f1xx_hal_tim.o(i.HAL_TIM_IRQHandler) for HAL_TIM_IRQHandler
    stm32f1xx_it.o(i.TIM1_UP_IRQHandler) refers to main.o(.bss) for htim1
    main.o(i.MX_ADC1_Init) refers to stm32f1xx_hal_adc.o(i.HAL_ADC_Init) for HAL_ADC_Init
    main.o(i.MX_ADC1_Init) refers to stm32f1xx_hal_adc.o(i.HAL_ADC_ConfigChannel) for HAL_ADC_ConfigChannel
    main.o(i.MX_ADC1_Init) refers to main.o(.bss) for .bss
    main.o(i.MX_TIM1_Init) refers to stm32f1xx_hal_tim.o(i.HAL_TIM_Base_Init) for HAL_TIM_Base_Init
    main.o(i.MX_TIM1_Init) refers to stm32f1xx_hal_tim.o(i.HAL_TIM_ConfigClockSource) for HAL_TIM_ConfigClockSource
    main.o(i.MX_TIM1_Init) refers to stm32f1xx_hal_tim_ex.o(i.HAL_TIMEx_MasterConfigSynchronization) for HAL_TIMEx_MasterConfigSynchronization
    main.o(i.MX_TIM1_Init) refers to main.o(.bss) for .bss
    main.o(i.StartDefaultTask) refers to cmsis_os.o(i.osDelay) for osDelay
    main.o(i.StartTask02) refers to cmsis_os.o(i.osDelay) for osDelay
    main.o(i.StartTask03) refers to cmsis_os.o(i.osDelay) for osDelay
    main.o(i.SystemClock_Config) refers to stm32f1xx_hal_rcc.o(i.HAL_RCC_OscConfig) for HAL_RCC_OscConfig
    main.o(i.SystemClock_Config) refers to stm32f1xx_hal_rcc_ex.o(i.HAL_RCC_ClockConfig) for HAL_RCC_ClockConfig
    main.o(i.SystemClock_Config) refers to stm32f1xx_hal_rcc_ex.o(i.HAL_RCCEx_PeriphCLKConfig) for HAL_RCCEx_PeriphCLKConfig
    main.o(i.main) refers to stm32f1xx_hal.o(i.HAL_Init) for HAL_Init
    main.o(i.main) refers to main.o(i.SystemClock_Config) for SystemClock_Config
    main.o(i.main) refers to stm32f1xx_hal_cortex.o(i.HAL_NVIC_SetPriority) for HAL_NVIC_SetPriority
    main.o(i.main) refers to stm32f1xx_hal_cortex.o(i.HAL_NVIC_EnableIRQ) for HAL_NVIC_EnableIRQ
    main.o(i.main) refers to main.o(i.MX_ADC1_Init) for MX_ADC1_Init
    main.o(i.main) refers to main.o(i.MX_TIM1_Init) for MX_TIM1_Init
    main.o(i.main) refers to stm32f1xx_hal_uart.o(i.HAL_UART_Init) for HAL_UART_Init
    main.o(i.main) refers to memcpya.o(.text) for __aeabi_memcpy4
    main.o(i.main) refers to cmsis_os.o(i.osThreadCreate) for osThreadCreate
    main.o(i.main) refers to cmsis_os.o(i.osKernelStart) for osKernelStart
    main.o(i.main) refers to main.o(.bss) for .bss
    main.o(i.main) refers to main.o(.constdata) for .constdata
    main.o(i.main) refers to main.o(.data) for .data
    main.o(.constdata) refers to main.o(.conststring) for .conststring
    main.o(.constdata) refers to main.o(i.StartDefaultTask) for StartDefaultTask
    main.o(.constdata) refers to main.o(i.StartTask02) for StartTask02
    main.o(.constdata) refers to main.o(i.StartTask03) for StartTask03
    stm32f1xx_hal_msp.o(i.HAL_ADC_MspDeInit) refers to stm32f1xx_hal_gpio.o(i.HAL_GPIO_DeInit) for HAL_GPIO_DeInit
    stm32f1xx_hal_msp.o(i.HAL_ADC_MspDeInit) refers to stm32f1xx_hal_dma.o(i.HAL_DMA_DeInit) for HAL_DMA_DeInit
    stm32f1xx_hal_msp.o(i.HAL_ADC_MspDeInit) refers to stm32f1xx_hal_cortex.o(i.HAL_NVIC_DisableIRQ) for HAL_NVIC_DisableIRQ
    stm32f1xx_hal_msp.o(i.HAL_ADC_MspInit) refers to stm32f1xx_hal_gpio.o(i.HAL_GPIO_Init) for HAL_GPIO_Init
    stm32f1xx_hal_msp.o(i.HAL_ADC_MspInit) refers to stm32f1xx_hal_dma.o(i.HAL_DMA_Init) for HAL_DMA_Init
    stm32f1xx_hal_msp.o(i.HAL_ADC_MspInit) refers to stm32f1xx_hal_cortex.o(i.HAL_NVIC_SetPriority) for HAL_NVIC_SetPriority
    stm32f1xx_hal_msp.o(i.HAL_ADC_MspInit) refers to stm32f1xx_hal_cortex.o(i.HAL_NVIC_EnableIRQ) for HAL_NVIC_EnableIRQ
    stm32f1xx_hal_msp.o(i.HAL_ADC_MspInit) refers to main.o(.bss) for hdma_adc1
    stm32f1xx_hal_msp.o(i.HAL_MspInit) refers to stm32f1xx_hal_cortex.o(i.HAL_NVIC_SetPriorityGrouping) for HAL_NVIC_SetPriorityGrouping
    stm32f1xx_hal_msp.o(i.HAL_MspInit) refers to stm32f1xx_hal_cortex.o(i.HAL_NVIC_SetPriority) for HAL_NVIC_SetPriority
    stm32f1xx_hal_msp.o(i.HAL_TIM_Base_MspDeInit) refers to stm32f1xx_hal_cortex.o(i.HAL_NVIC_DisableIRQ) for HAL_NVIC_DisableIRQ
    stm32f1xx_hal_msp.o(i.HAL_TIM_Base_MspInit) refers to stm32f1xx_hal_cortex.o(i.HAL_NVIC_SetPriority) for HAL_NVIC_SetPriority
    stm32f1xx_hal_msp.o(i.HAL_TIM_Base_MspInit) refers to stm32f1xx_hal_cortex.o(i.HAL_NVIC_EnableIRQ) for HAL_NVIC_EnableIRQ
    stm32f1xx_hal_msp.o(i.HAL_UART_MspDeInit) refers to stm32f1xx_hal_gpio.o(i.HAL_GPIO_DeInit) for HAL_GPIO_DeInit
    stm32f1xx_hal_msp.o(i.HAL_UART_MspInit) refers to stm32f1xx_hal_gpio.o(i.HAL_GPIO_Init) for HAL_GPIO_Init
    startup_stm32f103xb.o(RESET) refers to startup_stm32f103xb.o(STACK) for __initial_sp
    startup_stm32f103xb.o(RESET) refers to startup_stm32f103xb.o(.text) for Reset_Handler
    startup_stm32f103xb.o(RESET) refers to port.o(.emb_text) for SVC_Handler
    startup_stm32f103xb.o(RESET) refers to stm32f1xx_it.o(i.SysTick_Handler) for SysTick_Handler
    startup_stm32f103xb.o(RESET) refers to stm32f1xx_it.o(i.DMA1_Channel1_IRQHandler) for DMA1_Channel1_IRQHandler
    startup_stm32f103xb.o(RESET) refers to stm32f1xx_it.o(i.ADC1_2_IRQHandler) for ADC1_2_IRQHandler
    startup_stm32f103xb.o(RESET) refers to stm32f1xx_it.o(i.TIM1_UP_IRQHandler) for TIM1_UP_IRQHandler
    startup_stm32f103xb.o(.text) refers to system_stm32f1xx.o(i.SystemInit) for SystemInit
    startup_stm32f103xb.o(.text) refers to entry.o(.ARM.Collect$$$$00000000) for __main
    port.o(.emb_text) refers to tasks.o(i.vTaskSwitchContext) for vTaskSwitchContext
    port.o(.emb_text) refers to tasks.o(.data) for pxCurrentTCB
    port.o(i.prvTaskExitError) refers to port.o(.emb_text) for ulPortSetInterruptMask
    port.o(i.prvTaskExitError) refers to port.o(.data) for .data
    port.o(i.pxPortInitialiseStack) refers to port.o(i.prvTaskExitError) for prvTaskExitError
    port.o(i.vPortEndScheduler) refers to port.o(.emb_text) for ulPortSetInterruptMask
    port.o(i.vPortEndScheduler) refers to port.o(.data) for .data
    port.o(i.vPortEnterCritical) refers to port.o(.emb_text) for ulPortSetInterruptMask
    port.o(i.vPortEnterCritical) refers to port.o(.data) for .data
    port.o(i.vPortExitCritical) refers to port.o(.emb_text) for vPortClearInterruptMask
    port.o(i.vPortExitCritical) refers to port.o(.data) for .data
    port.o(i.vPortSetupTimerInterrupt) refers to system_stm32f1xx.o(.data) for SystemCoreClock
    port.o(i.vPortValidateInterruptPriority) refers to port.o(.emb_text) for vPortGetIPSR
    port.o(i.vPortValidateInterruptPriority) refers to port.o(.data) for .data
    port.o(i.xPortStartScheduler) refers to port.o(i.vPortSetupTimerInterrupt) for vPortSetupTimerInterrupt
    port.o(i.xPortStartScheduler) refers to port.o(.emb_text) for __asm___6_port_c_39a90d8d__prvStartFirstTask
    port.o(i.xPortStartScheduler) refers to port.o(.data) for .data
    port.o(i.xPortSysTickHandler) refers to port.o(.emb_text) for ulPortSetInterruptMask
    port.o(i.xPortSysTickHandler) refers to tasks.o(i.xTaskIncrementTick) for xTaskIncrementTick
    heap_4.o(i.prvHeapInit) refers to heap_4.o(.bss) for .bss
    heap_4.o(i.prvHeapInit) refers to heap_4.o(.data) for .data
    heap_4.o(i.prvInsertBlockIntoFreeList) refers to heap_4.o(.data) for .data
    heap_4.o(i.pvPortMalloc) refers to tasks.o(i.vTaskSuspendAll) for vTaskSuspendAll
    heap_4.o(i.pvPortMalloc) refers to heap_4.o(i.prvHeapInit) for prvHeapInit
    heap_4.o(i.pvPortMalloc) refers to port.o(.emb_text) for ulPortSetInterruptMask
    heap_4.o(i.pvPortMalloc) refers to heap_4.o(i.prvInsertBlockIntoFreeList) for prvInsertBlockIntoFreeList
    heap_4.o(i.pvPortMalloc) refers to tasks.o(i.xTaskResumeAll) for xTaskResumeAll
    heap_4.o(i.pvPortMalloc) refers to heap_4.o(.data) for .data
    heap_4.o(i.vPortFree) refers to port.o(.emb_text) for ulPortSetInterruptMask
    heap_4.o(i.vPortFree) refers to tasks.o(i.vTaskSuspendAll) for vTaskSuspendAll
    heap_4.o(i.vPortFree) refers to heap_4.o(i.prvInsertBlockIntoFreeList) for prvInsertBlockIntoFreeList
    heap_4.o(i.vPortFree) refers to tasks.o(i.xTaskResumeAll) for xTaskResumeAll
    heap_4.o(i.vPortFree) refers to heap_4.o(.data) for .data
    heap_4.o(i.xPortGetFreeHeapSize) refers to heap_4.o(.data) for .data
    heap_4.o(i.xPortGetMinimumEverFreeHeapSize) refers to heap_4.o(.data) for .data
    event_groups.o(i.vEventGroupClearBitsCallback) refers to event_groups.o(i.xEventGroupClearBits) for xEventGroupClearBits
    event_groups.o(i.vEventGroupDelete) refers to tasks.o(i.vTaskSuspendAll) for vTaskSuspendAll
    event_groups.o(i.vEventGroupDelete) refers to port.o(.emb_text) for ulPortSetInterruptMask
    event_groups.o(i.vEventGroupDelete) refers to tasks.o(i.xTaskRemoveFromUnorderedEventList) for xTaskRemoveFromUnorderedEventList
    event_groups.o(i.vEventGroupDelete) refers to heap_4.o(i.vPortFree) for vPortFree
    event_groups.o(i.vEventGroupDelete) refers to tasks.o(i.xTaskResumeAll) for xTaskResumeAll
    event_groups.o(i.vEventGroupSetBitsCallback) refers to event_groups.o(i.xEventGroupSetBits) for xEventGroupSetBits
    event_groups.o(i.xEventGroupClearBits) refers to port.o(.emb_text) for ulPortSetInterruptMask
    event_groups.o(i.xEventGroupClearBits) refers to port.o(i.vPortEnterCritical) for vPortEnterCritical
    event_groups.o(i.xEventGroupClearBits) refers to port.o(i.vPortExitCritical) for vPortExitCritical
    event_groups.o(i.xEventGroupCreate) refers to heap_4.o(i.pvPortMalloc) for pvPortMalloc
    event_groups.o(i.xEventGroupCreate) refers to list.o(i.vListInitialise) for vListInitialise
    event_groups.o(i.xEventGroupGetBitsFromISR) refers to port.o(.emb_text) for ulPortSetInterruptMask
    event_groups.o(i.xEventGroupSetBits) refers to port.o(.emb_text) for ulPortSetInterruptMask
    event_groups.o(i.xEventGroupSetBits) refers to tasks.o(i.vTaskSuspendAll) for vTaskSuspendAll
    event_groups.o(i.xEventGroupSetBits) refers to tasks.o(i.xTaskRemoveFromUnorderedEventList) for xTaskRemoveFromUnorderedEventList
    event_groups.o(i.xEventGroupSetBits) refers to tasks.o(i.xTaskResumeAll) for xTaskResumeAll
    event_groups.o(i.xEventGroupSync) refers to port.o(.emb_text) for ulPortSetInterruptMask
    event_groups.o(i.xEventGroupSync) refers to tasks.o(i.xTaskGetSchedulerState) for xTaskGetSchedulerState
    event_groups.o(i.xEventGroupSync) refers to tasks.o(i.vTaskSuspendAll) for vTaskSuspendAll
    event_groups.o(i.xEventGroupSync) refers to event_groups.o(i.xEventGroupSetBits) for xEventGroupSetBits
    event_groups.o(i.xEventGroupSync) refers to tasks.o(i.vTaskPlaceOnUnorderedEventList) for vTaskPlaceOnUnorderedEventList
    event_groups.o(i.xEventGroupSync) refers to tasks.o(i.xTaskResumeAll) for xTaskResumeAll
    event_groups.o(i.xEventGroupSync) refers to port.o(i.vPortYield) for vPortYield
    event_groups.o(i.xEventGroupSync) refers to tasks.o(i.uxTaskResetEventItemValue) for uxTaskResetEventItemValue
    event_groups.o(i.xEventGroupSync) refers to port.o(i.vPortEnterCritical) for vPortEnterCritical
    event_groups.o(i.xEventGroupSync) refers to port.o(i.vPortExitCritical) for vPortExitCritical
    event_groups.o(i.xEventGroupWaitBits) refers to port.o(.emb_text) for ulPortSetInterruptMask
    event_groups.o(i.xEventGroupWaitBits) refers to tasks.o(i.xTaskGetSchedulerState) for xTaskGetSchedulerState
    event_groups.o(i.xEventGroupWaitBits) refers to tasks.o(i.vTaskSuspendAll) for vTaskSuspendAll
    event_groups.o(i.xEventGroupWaitBits) refers to event_groups.o(i.prvTestWaitCondition) for prvTestWaitCondition
    event_groups.o(i.xEventGroupWaitBits) refers to tasks.o(i.vTaskPlaceOnUnorderedEventList) for vTaskPlaceOnUnorderedEventList
    event_groups.o(i.xEventGroupWaitBits) refers to tasks.o(i.xTaskResumeAll) for xTaskResumeAll
    event_groups.o(i.xEventGroupWaitBits) refers to port.o(i.vPortYield) for vPortYield
    event_groups.o(i.xEventGroupWaitBits) refers to tasks.o(i.uxTaskResetEventItemValue) for uxTaskResetEventItemValue
    event_groups.o(i.xEventGroupWaitBits) refers to port.o(i.vPortEnterCritical) for vPortEnterCritical
    event_groups.o(i.xEventGroupWaitBits) refers to port.o(i.vPortExitCritical) for vPortExitCritical
    cmsis_os.o(i.osDelay) refers to tasks.o(i.vTaskDelay) for vTaskDelay
    cmsis_os.o(i.osKernelRunning) refers to tasks.o(i.xTaskGetSchedulerState) for xTaskGetSchedulerState
    cmsis_os.o(i.osKernelStart) refers to tasks.o(i.vTaskStartScheduler) for vTaskStartScheduler
    cmsis_os.o(i.osKernelSysTick) refers to cmsis_os.o(i.inHandlerMode) for inHandlerMode
    cmsis_os.o(i.osKernelSysTick) refers to tasks.o(i.xTaskGetTickCountFromISR) for xTaskGetTickCountFromISR
    cmsis_os.o(i.osKernelSysTick) refers to tasks.o(i.xTaskGetTickCount) for xTaskGetTickCount
    cmsis_os.o(i.osMailAlloc) refers to cmsis_os.o(i.osPoolAlloc) for osPoolAlloc
    cmsis_os.o(i.osMailCAlloc) refers to cmsis_os.o(i.osMailAlloc) for osMailAlloc
    cmsis_os.o(i.osMailCreate) refers to heap_4.o(i.pvPortMalloc) for pvPortMalloc
    cmsis_os.o(i.osMailCreate) refers to queue.o(i.xQueueGenericCreate) for xQueueGenericCreate
    cmsis_os.o(i.osMailCreate) refers to cmsis_os.o(i.osPoolCreate) for osPoolCreate
    cmsis_os.o(i.osMailCreate) refers to heap_4.o(i.vPortFree) for vPortFree
    cmsis_os.o(i.osMailFree) refers to cmsis_os.o(i.osPoolFree) for osPoolFree
    cmsis_os.o(i.osMailGet) refers to cmsis_os.o(i.inHandlerMode) for inHandlerMode
    cmsis_os.o(i.osMailGet) refers to queue.o(i.xQueueReceiveFromISR) for xQueueReceiveFromISR
    cmsis_os.o(i.osMailGet) refers to queue.o(i.xQueueGenericReceive) for xQueueGenericReceive
    cmsis_os.o(i.osMailPut) refers to cmsis_os.o(i.inHandlerMode) for inHandlerMode
    cmsis_os.o(i.osMailPut) refers to queue.o(i.xQueueGenericSendFromISR) for xQueueGenericSendFromISR
    cmsis_os.o(i.osMailPut) refers to queue.o(i.xQueueGenericSend) for xQueueGenericSend
    cmsis_os.o(i.osMessageCreate) refers to queue.o(i.xQueueGenericCreate) for xQueueGenericCreate
    cmsis_os.o(i.osMessageGet) refers to cmsis_os.o(i.inHandlerMode) for inHandlerMode
    cmsis_os.o(i.osMessageGet) refers to queue.o(i.xQueueReceiveFromISR) for xQueueReceiveFromISR
    cmsis_os.o(i.osMessageGet) refers to queue.o(i.xQueueGenericReceive) for xQueueGenericReceive
    cmsis_os.o(i.osMessagePeek) refers to queue.o(i.xQueueGenericReceive) for xQueueGenericReceive
    cmsis_os.o(i.osMessagePut) refers to cmsis_os.o(i.inHandlerMode) for inHandlerMode
    cmsis_os.o(i.osMessagePut) refers to queue.o(i.xQueueGenericSendFromISR) for xQueueGenericSendFromISR
    cmsis_os.o(i.osMessagePut) refers to queue.o(i.xQueueGenericSend) for xQueueGenericSend
    cmsis_os.o(i.osMutexCreate) refers to queue.o(i.xQueueCreateMutex) for xQueueCreateMutex
    cmsis_os.o(i.osMutexDelete) refers to cmsis_os.o(i.inHandlerMode) for inHandlerMode
    cmsis_os.o(i.osMutexDelete) refers to queue.o(i.vQueueDelete) for vQueueDelete
    cmsis_os.o(i.osMutexRelease) refers to cmsis_os.o(i.inHandlerMode) for inHandlerMode
    cmsis_os.o(i.osMutexRelease) refers to queue.o(i.xQueueGenericSend) for xQueueGenericSend
    cmsis_os.o(i.osMutexWait) refers to cmsis_os.o(i.inHandlerMode) for inHandlerMode
    cmsis_os.o(i.osMutexWait) refers to queue.o(i.xQueueGenericReceive) for xQueueGenericReceive
    cmsis_os.o(i.osPoolAlloc) refers to cmsis_os.o(i.inHandlerMode) for inHandlerMode
    cmsis_os.o(i.osPoolAlloc) refers to port.o(.emb_text) for ulPortSetInterruptMask
    cmsis_os.o(i.osPoolAlloc) refers to port.o(i.vPortEnterCritical) for vPortEnterCritical
    cmsis_os.o(i.osPoolAlloc) refers to port.o(i.vPortExitCritical) for vPortExitCritical
    cmsis_os.o(i.osPoolCAlloc) refers to cmsis_os.o(i.osPoolAlloc) for osPoolAlloc
    cmsis_os.o(i.osPoolCreate) refers to heap_4.o(i.pvPortMalloc) for pvPortMalloc
    cmsis_os.o(i.osPoolCreate) refers to heap_4.o(i.vPortFree) for vPortFree
    cmsis_os.o(i.osRecursiveMutexCreate) refers to queue.o(i.xQueueCreateMutex) for xQueueCreateMutex
    cmsis_os.o(i.osRecursiveMutexRelease) refers to queue.o(i.xQueueGiveMutexRecursive) for xQueueGiveMutexRecursive
    cmsis_os.o(i.osRecursiveMutexWait) refers to queue.o(i.xQueueTakeMutexRecursive) for xQueueTakeMutexRecursive
    cmsis_os.o(i.osSemaphoreCreate) refers to queue.o(i.xQueueCreateCountingSemaphore) for xQueueCreateCountingSemaphore
    cmsis_os.o(i.osSemaphoreCreate) refers to queue.o(i.xQueueGenericCreate) for xQueueGenericCreate
    cmsis_os.o(i.osSemaphoreCreate) refers to queue.o(i.xQueueGenericSend) for xQueueGenericSend
    cmsis_os.o(i.osSemaphoreDelete) refers to cmsis_os.o(i.inHandlerMode) for inHandlerMode
    cmsis_os.o(i.osSemaphoreDelete) refers to queue.o(i.vQueueDelete) for vQueueDelete
    cmsis_os.o(i.osSemaphoreRelease) refers to cmsis_os.o(i.inHandlerMode) for inHandlerMode
    cmsis_os.o(i.osSemaphoreRelease) refers to queue.o(i.xQueueGenericSendFromISR) for xQueueGenericSendFromISR
    cmsis_os.o(i.osSemaphoreRelease) refers to queue.o(i.xQueueGenericSend) for xQueueGenericSend
    cmsis_os.o(i.osSemaphoreWait) refers to cmsis_os.o(i.inHandlerMode) for inHandlerMode
    cmsis_os.o(i.osSemaphoreWait) refers to queue.o(i.xQueueGenericReceive) for xQueueGenericReceive
    cmsis_os.o(i.osSystickHandler) refers to tasks.o(i.xTaskGetSchedulerState) for xTaskGetSchedulerState
    cmsis_os.o(i.osSystickHandler) refers to port.o(i.xPortSysTickHandler) for xPortSysTickHandler
    cmsis_os.o(i.osThreadCreate) refers to cmsis_os.o(i.makeFreeRtosPriority) for makeFreeRtosPriority
    cmsis_os.o(i.osThreadCreate) refers to tasks.o(i.xTaskGenericCreate) for xTaskGenericCreate
    cmsis_os.o(i.osThreadGetId) refers to tasks.o(i.xTaskGetCurrentTaskHandle) for xTaskGetCurrentTaskHandle
    cmsis_os.o(i.osThreadResume) refers to cmsis_os.o(i.inHandlerMode) for inHandlerMode
    cmsis_os.o(i.osThreadResume) refers to tasks.o(i.xTaskResumeFromISR) for xTaskResumeFromISR
    cmsis_os.o(i.osThreadResume) refers to tasks.o(i.vTaskResume) for vTaskResume
    cmsis_os.o(i.osThreadResumeAll) refers to tasks.o(i.xTaskResumeAll) for xTaskResumeAll
    cmsis_os.o(i.osThreadSetPriority) refers to cmsis_os.o(i.makeFreeRtosPriority) for makeFreeRtosPriority
    cmsis_os.o(i.osThreadSetPriority) refers to tasks.o(i.vTaskPrioritySet) for vTaskPrioritySet
    cmsis_os.o(i.osThreadSuspend) refers to tasks.o(i.vTaskSuspend) for vTaskSuspend
    cmsis_os.o(i.osThreadSuspendAll) refers to tasks.o(i.vTaskSuspendAll) for vTaskSuspendAll
    cmsis_os.o(i.osThreadTerminate) refers to tasks.o(i.vTaskDelete) for vTaskDelete
    cmsis_os.o(i.osThreadYield) refers to port.o(i.vPortYield) for vPortYield
    queue.o(i.prvCopyDataFromQueue) refers to memcpya.o(.text) for __aeabi_memcpy
    queue.o(i.prvCopyDataToQueue) refers to memcpya.o(.text) for __aeabi_memcpy
    queue.o(i.prvCopyDataToQueue) refers to tasks.o(i.xTaskPriorityDisinherit) for xTaskPriorityDisinherit
    queue.o(i.prvUnlockQueue) refers to port.o(i.vPortEnterCritical) for vPortEnterCritical
    queue.o(i.prvUnlockQueue) refers to tasks.o(i.xTaskRemoveFromEventList) for xTaskRemoveFromEventList
    queue.o(i.prvUnlockQueue) refers to tasks.o(i.vTaskMissedYield) for vTaskMissedYield
    queue.o(i.prvUnlockQueue) refers to port.o(i.vPortExitCritical) for vPortExitCritical
    queue.o(i.uxQueueMessagesWaiting) refers to port.o(i.vPortEnterCritical) for vPortEnterCritical
    queue.o(i.uxQueueMessagesWaiting) refers to port.o(i.vPortExitCritical) for vPortExitCritical
    queue.o(i.uxQueueMessagesWaiting) refers to port.o(.emb_text) for ulPortSetInterruptMask
    queue.o(i.uxQueueMessagesWaitingFromISR) refers to port.o(.emb_text) for ulPortSetInterruptMask
    queue.o(i.uxQueueSpacesAvailable) refers to port.o(i.vPortEnterCritical) for vPortEnterCritical
    queue.o(i.uxQueueSpacesAvailable) refers to port.o(i.vPortExitCritical) for vPortExitCritical
    queue.o(i.uxQueueSpacesAvailable) refers to port.o(.emb_text) for ulPortSetInterruptMask
    queue.o(i.vQueueAddToRegistry) refers to queue.o(.bss) for .bss
    queue.o(i.vQueueDelete) refers to queue.o(i.vQueueUnregisterQueue) for vQueueUnregisterQueue
    queue.o(i.vQueueDelete) refers to heap_4.o(i.vPortFree) for vPortFree
    queue.o(i.vQueueDelete) refers to port.o(.emb_text) for ulPortSetInterruptMask
    queue.o(i.vQueueUnregisterQueue) refers to queue.o(.bss) for .bss
    queue.o(i.xQueueCreateCountingSemaphore) refers to port.o(.emb_text) for ulPortSetInterruptMask
    queue.o(i.xQueueCreateCountingSemaphore) refers to queue.o(i.xQueueGenericCreate) for xQueueGenericCreate
    queue.o(i.xQueueCreateMutex) refers to heap_4.o(i.pvPortMalloc) for pvPortMalloc
    queue.o(i.xQueueCreateMutex) refers to list.o(i.vListInitialise) for vListInitialise
    queue.o(i.xQueueCreateMutex) refers to queue.o(i.xQueueGenericSend) for xQueueGenericSend
    queue.o(i.xQueueCreateMutex) refers to port.o(.emb_text) for ulPortSetInterruptMask
    queue.o(i.xQueueGenericCreate) refers to heap_4.o(i.pvPortMalloc) for pvPortMalloc
    queue.o(i.xQueueGenericCreate) refers to queue.o(i.xQueueGenericReset) for xQueueGenericReset
    queue.o(i.xQueueGenericCreate) refers to heap_4.o(i.vPortFree) for vPortFree
    queue.o(i.xQueueGenericCreate) refers to port.o(.emb_text) for ulPortSetInterruptMask
    queue.o(i.xQueueGenericReceive) refers to port.o(.emb_text) for ulPortSetInterruptMask
    queue.o(i.xQueueGenericReceive) refers to tasks.o(i.xTaskGetSchedulerState) for xTaskGetSchedulerState
    queue.o(i.xQueueGenericReceive) refers to port.o(i.vPortEnterCritical) for vPortEnterCritical
    queue.o(i.xQueueGenericReceive) refers to queue.o(i.prvCopyDataFromQueue) for prvCopyDataFromQueue
    queue.o(i.xQueueGenericReceive) refers to tasks.o(i.xTaskRemoveFromEventList) for xTaskRemoveFromEventList
    queue.o(i.xQueueGenericReceive) refers to port.o(i.vPortYield) for vPortYield
    queue.o(i.xQueueGenericReceive) refers to port.o(i.vPortExitCritical) for vPortExitCritical
    queue.o(i.xQueueGenericReceive) refers to tasks.o(i.pvTaskIncrementMutexHeldCount) for pvTaskIncrementMutexHeldCount
    queue.o(i.xQueueGenericReceive) refers to tasks.o(i.vTaskSetTimeOutState) for vTaskSetTimeOutState
    queue.o(i.xQueueGenericReceive) refers to tasks.o(i.vTaskSuspendAll) for vTaskSuspendAll
    queue.o(i.xQueueGenericReceive) refers to tasks.o(i.xTaskCheckForTimeOut) for xTaskCheckForTimeOut
    queue.o(i.xQueueGenericReceive) refers to queue.o(i.prvUnlockQueue) for prvUnlockQueue
    queue.o(i.xQueueGenericReceive) refers to tasks.o(i.xTaskResumeAll) for xTaskResumeAll
    queue.o(i.xQueueGenericReceive) refers to tasks.o(i.vTaskPriorityInherit) for vTaskPriorityInherit
    queue.o(i.xQueueGenericReceive) refers to tasks.o(i.vTaskPlaceOnEventList) for vTaskPlaceOnEventList
    queue.o(i.xQueueGenericReset) refers to port.o(i.vPortEnterCritical) for vPortEnterCritical
    queue.o(i.xQueueGenericReset) refers to list.o(i.vListInitialise) for vListInitialise
    queue.o(i.xQueueGenericReset) refers to port.o(i.vPortExitCritical) for vPortExitCritical
    queue.o(i.xQueueGenericReset) refers to port.o(.emb_text) for ulPortSetInterruptMask
    queue.o(i.xQueueGenericReset) refers to tasks.o(i.xTaskRemoveFromEventList) for xTaskRemoveFromEventList
    queue.o(i.xQueueGenericReset) refers to port.o(i.vPortYield) for vPortYield
    queue.o(i.xQueueGenericSend) refers to port.o(.emb_text) for ulPortSetInterruptMask
    queue.o(i.xQueueGenericSend) refers to tasks.o(i.xTaskGetSchedulerState) for xTaskGetSchedulerState
    queue.o(i.xQueueGenericSend) refers to port.o(i.vPortEnterCritical) for vPortEnterCritical
    queue.o(i.xQueueGenericSend) refers to queue.o(i.prvCopyDataToQueue) for prvCopyDataToQueue
    queue.o(i.xQueueGenericSend) refers to tasks.o(i.xTaskRemoveFromEventList) for xTaskRemoveFromEventList
    queue.o(i.xQueueGenericSend) refers to port.o(i.vPortYield) for vPortYield
    queue.o(i.xQueueGenericSend) refers to port.o(i.vPortExitCritical) for vPortExitCritical
    queue.o(i.xQueueGenericSend) refers to tasks.o(i.vTaskSetTimeOutState) for vTaskSetTimeOutState
    queue.o(i.xQueueGenericSend) refers to tasks.o(i.vTaskSuspendAll) for vTaskSuspendAll
    queue.o(i.xQueueGenericSend) refers to tasks.o(i.xTaskCheckForTimeOut) for xTaskCheckForTimeOut
    queue.o(i.xQueueGenericSend) refers to queue.o(i.prvUnlockQueue) for prvUnlockQueue
    queue.o(i.xQueueGenericSend) refers to tasks.o(i.xTaskResumeAll) for xTaskResumeAll
    queue.o(i.xQueueGenericSend) refers to tasks.o(i.vTaskPlaceOnEventList) for vTaskPlaceOnEventList
    queue.o(i.xQueueGenericSendFromISR) refers to port.o(.emb_text) for ulPortSetInterruptMask
    queue.o(i.xQueueGenericSendFromISR) refers to port.o(i.vPortValidateInterruptPriority) for vPortValidateInterruptPriority
    queue.o(i.xQueueGenericSendFromISR) refers to queue.o(i.prvCopyDataToQueue) for prvCopyDataToQueue
    queue.o(i.xQueueGenericSendFromISR) refers to tasks.o(i.xTaskRemoveFromEventList) for xTaskRemoveFromEventList
    queue.o(i.xQueueGiveMutexRecursive) refers to tasks.o(i.xTaskGetCurrentTaskHandle) for xTaskGetCurrentTaskHandle
    queue.o(i.xQueueGiveMutexRecursive) refers to port.o(.emb_text) for ulPortSetInterruptMask
    queue.o(i.xQueueGiveMutexRecursive) refers to queue.o(i.xQueueGenericSend) for xQueueGenericSend
    queue.o(i.xQueueIsQueueEmptyFromISR) refers to port.o(.emb_text) for ulPortSetInterruptMask
    queue.o(i.xQueueIsQueueFullFromISR) refers to port.o(.emb_text) for ulPortSetInterruptMask
    queue.o(i.xQueuePeekFromISR) refers to port.o(.emb_text) for ulPortSetInterruptMask
    queue.o(i.xQueuePeekFromISR) refers to port.o(i.vPortValidateInterruptPriority) for vPortValidateInterruptPriority
    queue.o(i.xQueuePeekFromISR) refers to queue.o(i.prvCopyDataFromQueue) for prvCopyDataFromQueue
    queue.o(i.xQueueReceiveFromISR) refers to port.o(.emb_text) for ulPortSetInterruptMask
    queue.o(i.xQueueReceiveFromISR) refers to port.o(i.vPortValidateInterruptPriority) for vPortValidateInterruptPriority
    queue.o(i.xQueueReceiveFromISR) refers to queue.o(i.prvCopyDataFromQueue) for prvCopyDataFromQueue
    queue.o(i.xQueueReceiveFromISR) refers to tasks.o(i.xTaskRemoveFromEventList) for xTaskRemoveFromEventList
    queue.o(i.xQueueTakeMutexRecursive) refers to tasks.o(i.xTaskGetCurrentTaskHandle) for xTaskGetCurrentTaskHandle
    queue.o(i.xQueueTakeMutexRecursive) refers to port.o(.emb_text) for ulPortSetInterruptMask
    queue.o(i.xQueueTakeMutexRecursive) refers to queue.o(i.xQueueGenericReceive) for xQueueGenericReceive
    tasks.o(i.prvAddCurrentTaskToDelayedList) refers to list.o(i.vListInsert) for vListInsert
    tasks.o(i.prvAddCurrentTaskToDelayedList) refers to tasks.o(.data) for .data
    tasks.o(i.prvCheckTasksWaitingTermination) refers to tasks.o(i.vTaskSuspendAll) for vTaskSuspendAll
    tasks.o(i.prvCheckTasksWaitingTermination) refers to tasks.o(i.xTaskResumeAll) for xTaskResumeAll
    tasks.o(i.prvCheckTasksWaitingTermination) refers to port.o(i.vPortEnterCritical) for vPortEnterCritical
    tasks.o(i.prvCheckTasksWaitingTermination) refers to list.o(i.uxListRemove) for uxListRemove
    tasks.o(i.prvCheckTasksWaitingTermination) refers to port.o(i.vPortExitCritical) for vPortExitCritical
    tasks.o(i.prvCheckTasksWaitingTermination) refers to heap_4.o(i.vPortFree) for vPortFree
    tasks.o(i.prvCheckTasksWaitingTermination) refers to tasks.o(.bss) for .bss
    tasks.o(i.prvCheckTasksWaitingTermination) refers to tasks.o(.data) for .data
    tasks.o(i.prvIdleTask) refers to tasks.o(i.prvCheckTasksWaitingTermination) for prvCheckTasksWaitingTermination
    tasks.o(i.prvIdleTask) refers to port.o(i.vPortYield) for vPortYield
    tasks.o(i.prvIdleTask) refers to tasks.o(.bss) for .bss
    tasks.o(i.prvResetNextTaskUnblockTime) refers to tasks.o(.data) for .data
    tasks.o(i.prvTaskIsTaskSuspended) refers to port.o(.emb_text) for ulPortSetInterruptMask
    tasks.o(i.prvTaskIsTaskSuspended) refers to tasks.o(.bss) for .bss
    tasks.o(i.pvTaskIncrementMutexHeldCount) refers to tasks.o(.data) for .data
    tasks.o(i.uxTaskGetNumberOfTasks) refers to tasks.o(.data) for .data
    tasks.o(i.uxTaskGetSystemState) refers to tasks.o(i.vTaskSuspendAll) for vTaskSuspendAll
    tasks.o(i.uxTaskGetSystemState) refers to tasks.o(i.prvListTaskWithinSingleList) for prvListTaskWithinSingleList
    tasks.o(i.uxTaskGetSystemState) refers to tasks.o(i.xTaskResumeAll) for xTaskResumeAll
    tasks.o(i.uxTaskGetSystemState) refers to tasks.o(.data) for .data
    tasks.o(i.uxTaskGetSystemState) refers to tasks.o(.bss) for .bss
    tasks.o(i.uxTaskPriorityGet) refers to port.o(i.vPortEnterCritical) for vPortEnterCritical
    tasks.o(i.uxTaskPriorityGet) refers to port.o(i.vPortExitCritical) for vPortExitCritical
    tasks.o(i.uxTaskPriorityGet) refers to tasks.o(.data) for .data
    tasks.o(i.uxTaskResetEventItemValue) refers to tasks.o(.data) for .data
    tasks.o(i.vTaskDelay) refers to port.o(.emb_text) for ulPortSetInterruptMask
    tasks.o(i.vTaskDelay) refers to tasks.o(i.vTaskSuspendAll) for vTaskSuspendAll
    tasks.o(i.vTaskDelay) refers to list.o(i.uxListRemove) for uxListRemove
    tasks.o(i.vTaskDelay) refers to tasks.o(i.prvAddCurrentTaskToDelayedList) for prvAddCurrentTaskToDelayedList
    tasks.o(i.vTaskDelay) refers to tasks.o(i.xTaskResumeAll) for xTaskResumeAll
    tasks.o(i.vTaskDelay) refers to port.o(i.vPortYield) for vPortYield
    tasks.o(i.vTaskDelay) refers to tasks.o(.data) for .data
    tasks.o(i.vTaskDelete) refers to port.o(i.vPortEnterCritical) for vPortEnterCritical
    tasks.o(i.vTaskDelete) refers to list.o(i.uxListRemove) for uxListRemove
    tasks.o(i.vTaskDelete) refers to list.o(i.vListInsertEnd) for vListInsertEnd
    tasks.o(i.vTaskDelete) refers to port.o(i.vPortExitCritical) for vPortExitCritical
    tasks.o(i.vTaskDelete) refers to port.o(.emb_text) for ulPortSetInterruptMask
    tasks.o(i.vTaskDelete) refers to port.o(i.vPortYield) for vPortYield
    tasks.o(i.vTaskDelete) refers to tasks.o(i.prvResetNextTaskUnblockTime) for prvResetNextTaskUnblockTime
    tasks.o(i.vTaskDelete) refers to tasks.o(.data) for .data
    tasks.o(i.vTaskDelete) refers to tasks.o(.bss) for .bss
    tasks.o(i.vTaskEndScheduler) refers to port.o(.emb_text) for ulPortSetInterruptMask
    tasks.o(i.vTaskEndScheduler) refers to port.o(i.vPortEndScheduler) for vPortEndScheduler
    tasks.o(i.vTaskEndScheduler) refers to tasks.o(.data) for .data
    tasks.o(i.vTaskMissedYield) refers to tasks.o(.data) for .data
    tasks.o(i.vTaskPlaceOnEventList) refers to list.o(i.vListInsert) for vListInsert
    tasks.o(i.vTaskPlaceOnEventList) refers to list.o(i.uxListRemove) for uxListRemove
    tasks.o(i.vTaskPlaceOnEventList) refers to port.o(.emb_text) for ulPortSetInterruptMask
    tasks.o(i.vTaskPlaceOnEventList) refers to tasks.o(i.prvAddCurrentTaskToDelayedList) for prvAddCurrentTaskToDelayedList
    tasks.o(i.vTaskPlaceOnEventList) refers to list.o(i.vListInsertEnd) for vListInsertEnd
    tasks.o(i.vTaskPlaceOnEventList) refers to tasks.o(.data) for .data
    tasks.o(i.vTaskPlaceOnEventList) refers to tasks.o(.bss) for .bss
    tasks.o(i.vTaskPlaceOnUnorderedEventList) refers to list.o(i.vListInsertEnd) for vListInsertEnd
    tasks.o(i.vTaskPlaceOnUnorderedEventList) refers to list.o(i.uxListRemove) for uxListRemove
    tasks.o(i.vTaskPlaceOnUnorderedEventList) refers to port.o(.emb_text) for ulPortSetInterruptMask
    tasks.o(i.vTaskPlaceOnUnorderedEventList) refers to tasks.o(i.prvAddCurrentTaskToDelayedList) for prvAddCurrentTaskToDelayedList
    tasks.o(i.vTaskPlaceOnUnorderedEventList) refers to tasks.o(.data) for .data
    tasks.o(i.vTaskPlaceOnUnorderedEventList) refers to tasks.o(.bss) for .bss
    tasks.o(i.vTaskPriorityInherit) refers to list.o(i.uxListRemove) for uxListRemove
    tasks.o(i.vTaskPriorityInherit) refers to list.o(i.vListInsertEnd) for vListInsertEnd
    tasks.o(i.vTaskPriorityInherit) refers to tasks.o(.data) for .data
    tasks.o(i.vTaskPriorityInherit) refers to tasks.o(.bss) for .bss
    tasks.o(i.vTaskPrioritySet) refers to port.o(.emb_text) for ulPortSetInterruptMask
    tasks.o(i.vTaskPrioritySet) refers to port.o(i.vPortEnterCritical) for vPortEnterCritical
    tasks.o(i.vTaskPrioritySet) refers to list.o(i.uxListRemove) for uxListRemove
    tasks.o(i.vTaskPrioritySet) refers to list.o(i.vListInsertEnd) for vListInsertEnd
    tasks.o(i.vTaskPrioritySet) refers to port.o(i.vPortYield) for vPortYield
    tasks.o(i.vTaskPrioritySet) refers to port.o(i.vPortExitCritical) for vPortExitCritical
    tasks.o(i.vTaskPrioritySet) refers to tasks.o(.data) for .data
    tasks.o(i.vTaskPrioritySet) refers to tasks.o(.bss) for .bss
    tasks.o(i.vTaskResume) refers to port.o(i.vPortEnterCritical) for vPortEnterCritical
    tasks.o(i.vTaskResume) refers to tasks.o(i.prvTaskIsTaskSuspended) for prvTaskIsTaskSuspended
    tasks.o(i.vTaskResume) refers to port.o(.emb_text) for ulPortSetInterruptMask
    tasks.o(i.vTaskResume) refers to list.o(i.uxListRemove) for uxListRemove
    tasks.o(i.vTaskResume) refers to list.o(i.vListInsertEnd) for vListInsertEnd
    tasks.o(i.vTaskResume) refers to port.o(i.vPortYield) for vPortYield
    tasks.o(i.vTaskResume) refers to port.o(i.vPortExitCritical) for vPortExitCritical
    tasks.o(i.vTaskResume) refers to tasks.o(.data) for .data
    tasks.o(i.vTaskResume) refers to tasks.o(.bss) for .bss
    tasks.o(i.vTaskSetTimeOutState) refers to port.o(.emb_text) for ulPortSetInterruptMask
    tasks.o(i.vTaskSetTimeOutState) refers to tasks.o(.data) for .data
    tasks.o(i.vTaskStartScheduler) refers to tasks.o(i.xTaskGenericCreate) for xTaskGenericCreate
    tasks.o(i.vTaskStartScheduler) refers to port.o(.emb_text) for ulPortSetInterruptMask
    tasks.o(i.vTaskStartScheduler) refers to port.o(i.xPortStartScheduler) for xPortStartScheduler
    tasks.o(i.vTaskStartScheduler) refers to tasks.o(i.prvIdleTask) for prvIdleTask
    tasks.o(i.vTaskStartScheduler) refers to tasks.o(.data) for .data
    tasks.o(i.vTaskSuspend) refers to port.o(i.vPortEnterCritical) for vPortEnterCritical
    tasks.o(i.vTaskSuspend) refers to list.o(i.uxListRemove) for uxListRemove
    tasks.o(i.vTaskSuspend) refers to list.o(i.vListInsertEnd) for vListInsertEnd
    tasks.o(i.vTaskSuspend) refers to port.o(i.vPortExitCritical) for vPortExitCritical
    tasks.o(i.vTaskSuspend) refers to port.o(.emb_text) for ulPortSetInterruptMask
    tasks.o(i.vTaskSuspend) refers to port.o(i.vPortYield) for vPortYield
    tasks.o(i.vTaskSuspend) refers to tasks.o(i.vTaskSwitchContext) for vTaskSwitchContext
    tasks.o(i.vTaskSuspend) refers to tasks.o(i.prvResetNextTaskUnblockTime) for prvResetNextTaskUnblockTime
    tasks.o(i.vTaskSuspend) refers to tasks.o(.data) for .data
    tasks.o(i.vTaskSuspend) refers to tasks.o(.bss) for .bss
    tasks.o(i.vTaskSuspendAll) refers to tasks.o(.data) for .data
    tasks.o(i.vTaskSwitchContext) refers to port.o(.emb_text) for ulPortSetInterruptMask
    tasks.o(i.vTaskSwitchContext) refers to tasks.o(.data) for .data
    tasks.o(i.vTaskSwitchContext) refers to tasks.o(.bss) for .bss
    tasks.o(i.xTaskCheckForTimeOut) refers to port.o(i.vPortEnterCritical) for vPortEnterCritical
    tasks.o(i.xTaskCheckForTimeOut) refers to tasks.o(i.vTaskSetTimeOutState) for vTaskSetTimeOutState
    tasks.o(i.xTaskCheckForTimeOut) refers to port.o(.emb_text) for ulPortSetInterruptMask
    tasks.o(i.xTaskCheckForTimeOut) refers to port.o(i.vPortExitCritical) for vPortExitCritical
    tasks.o(i.xTaskCheckForTimeOut) refers to tasks.o(.data) for .data
    tasks.o(i.xTaskGenericCreate) refers to port.o(.emb_text) for ulPortSetInterruptMask
    tasks.o(i.xTaskGenericCreate) refers to heap_4.o(i.pvPortMalloc) for pvPortMalloc
    tasks.o(i.xTaskGenericCreate) refers to memseta.o(.text) for __aeabi_memset
    tasks.o(i.xTaskGenericCreate) refers to heap_4.o(i.vPortFree) for vPortFree
    tasks.o(i.xTaskGenericCreate) refers to list.o(i.vListInitialiseItem) for vListInitialiseItem
    tasks.o(i.xTaskGenericCreate) refers to port.o(i.pxPortInitialiseStack) for pxPortInitialiseStack
    tasks.o(i.xTaskGenericCreate) refers to port.o(i.vPortEnterCritical) for vPortEnterCritical
    tasks.o(i.xTaskGenericCreate) refers to list.o(i.vListInitialise) for vListInitialise
    tasks.o(i.xTaskGenericCreate) refers to list.o(i.vListInsertEnd) for vListInsertEnd
    tasks.o(i.xTaskGenericCreate) refers to port.o(i.vPortExitCritical) for vPortExitCritical
    tasks.o(i.xTaskGenericCreate) refers to port.o(i.vPortYield) for vPortYield
    tasks.o(i.xTaskGenericCreate) refers to tasks.o(.data) for .data
    tasks.o(i.xTaskGenericCreate) refers to tasks.o(.bss) for .bss
    tasks.o(i.xTaskGetCurrentTaskHandle) refers to tasks.o(.data) for .data
    tasks.o(i.xTaskGetSchedulerState) refers to tasks.o(.data) for .data
    tasks.o(i.xTaskGetTickCount) refers to port.o(i.vPortEnterCritical) for vPortEnterCritical
    tasks.o(i.xTaskGetTickCount) refers to port.o(i.vPortExitCritical) for vPortExitCritical
    tasks.o(i.xTaskGetTickCount) refers to tasks.o(.data) for .data
    tasks.o(i.xTaskGetTickCountFromISR) refers to port.o(i.vPortValidateInterruptPriority) for vPortValidateInterruptPriority
    tasks.o(i.xTaskGetTickCountFromISR) refers to port.o(.emb_text) for ulPortSetInterruptMask
    tasks.o(i.xTaskGetTickCountFromISR) refers to tasks.o(.data) for .data
    tasks.o(i.xTaskIncrementTick) refers to port.o(.emb_text) for ulPortSetInterruptMask
    tasks.o(i.xTaskIncrementTick) refers to tasks.o(i.prvResetNextTaskUnblockTime) for prvResetNextTaskUnblockTime
    tasks.o(i.xTaskIncrementTick) refers to list.o(i.uxListRemove) for uxListRemove
    tasks.o(i.xTaskIncrementTick) refers to list.o(i.vListInsertEnd) for vListInsertEnd
    tasks.o(i.xTaskIncrementTick) refers to tasks.o(.data) for .data
    tasks.o(i.xTaskIncrementTick) refers to tasks.o(.bss) for .bss
    tasks.o(i.xTaskPriorityDisinherit) refers to port.o(.emb_text) for ulPortSetInterruptMask
    tasks.o(i.xTaskPriorityDisinherit) refers to list.o(i.uxListRemove) for uxListRemove
    tasks.o(i.xTaskPriorityDisinherit) refers to list.o(i.vListInsertEnd) for vListInsertEnd
    tasks.o(i.xTaskPriorityDisinherit) refers to tasks.o(.bss) for .bss
    tasks.o(i.xTaskPriorityDisinherit) refers to tasks.o(.data) for .data
    tasks.o(i.xTaskRemoveFromEventList) refers to list.o(i.uxListRemove) for uxListRemove
    tasks.o(i.xTaskRemoveFromEventList) refers to list.o(i.vListInsertEnd) for vListInsertEnd
    tasks.o(i.xTaskRemoveFromEventList) refers to port.o(.emb_text) for ulPortSetInterruptMask
    tasks.o(i.xTaskRemoveFromEventList) refers to tasks.o(.data) for .data
    tasks.o(i.xTaskRemoveFromEventList) refers to tasks.o(.bss) for .bss
    tasks.o(i.xTaskRemoveFromUnorderedEventList) refers to list.o(i.uxListRemove) for uxListRemove
    tasks.o(i.xTaskRemoveFromUnorderedEventList) refers to list.o(i.vListInsertEnd) for vListInsertEnd
    tasks.o(i.xTaskRemoveFromUnorderedEventList) refers to port.o(.emb_text) for ulPortSetInterruptMask
    tasks.o(i.xTaskRemoveFromUnorderedEventList) refers to tasks.o(.data) for .data
    tasks.o(i.xTaskRemoveFromUnorderedEventList) refers to tasks.o(.bss) for .bss
    tasks.o(i.xTaskResumeAll) refers to port.o(i.vPortEnterCritical) for vPortEnterCritical
    tasks.o(i.xTaskResumeAll) refers to port.o(.emb_text) for ulPortSetInterruptMask
    tasks.o(i.xTaskResumeAll) refers to list.o(i.uxListRemove) for uxListRemove
    tasks.o(i.xTaskResumeAll) refers to list.o(i.vListInsertEnd) for vListInsertEnd
    tasks.o(i.xTaskResumeAll) refers to tasks.o(i.xTaskIncrementTick) for xTaskIncrementTick
    tasks.o(i.xTaskResumeAll) refers to port.o(i.vPortYield) for vPortYield
    tasks.o(i.xTaskResumeAll) refers to port.o(i.vPortExitCritical) for vPortExitCritical
    tasks.o(i.xTaskResumeAll) refers to tasks.o(.data) for .data
    tasks.o(i.xTaskResumeAll) refers to tasks.o(.bss) for .bss
    tasks.o(i.xTaskResumeFromISR) refers to port.o(i.vPortValidateInterruptPriority) for vPortValidateInterruptPriority
    tasks.o(i.xTaskResumeFromISR) refers to port.o(.emb_text) for ulPortSetInterruptMask
    tasks.o(i.xTaskResumeFromISR) refers to tasks.o(i.prvTaskIsTaskSuspended) for prvTaskIsTaskSuspended
    tasks.o(i.xTaskResumeFromISR) refers to list.o(i.uxListRemove) for uxListRemove
    tasks.o(i.xTaskResumeFromISR) refers to list.o(i.vListInsertEnd) for vListInsertEnd
    tasks.o(i.xTaskResumeFromISR) refers to tasks.o(.data) for .data
    tasks.o(i.xTaskResumeFromISR) refers to tasks.o(.bss) for .bss
    croutine.o(i.prvCheckDelayedList) refers to tasks.o(i.xTaskGetTickCount) for xTaskGetTickCount
    croutine.o(i.prvCheckDelayedList) refers to port.o(.emb_text) for ulPortSetInterruptMask
    croutine.o(i.prvCheckDelayedList) refers to list.o(i.uxListRemove) for uxListRemove
    croutine.o(i.prvCheckDelayedList) refers to list.o(i.vListInsertEnd) for vListInsertEnd
    croutine.o(i.prvCheckDelayedList) refers to croutine.o(.data) for .data
    croutine.o(i.prvCheckDelayedList) refers to croutine.o(.bss) for .bss
    croutine.o(i.vCoRoutineAddToDelayedList) refers to list.o(i.uxListRemove) for uxListRemove
    croutine.o(i.vCoRoutineAddToDelayedList) refers to list.o(i.vListInsert) for vListInsert
    croutine.o(i.vCoRoutineAddToDelayedList) refers to croutine.o(.data) for .data
    croutine.o(i.vCoRoutineSchedule) refers to port.o(.emb_text) for ulPortSetInterruptMask
    croutine.o(i.vCoRoutineSchedule) refers to list.o(i.uxListRemove) for uxListRemove
    croutine.o(i.vCoRoutineSchedule) refers to list.o(i.vListInsertEnd) for vListInsertEnd
    croutine.o(i.vCoRoutineSchedule) refers to croutine.o(i.prvCheckDelayedList) for prvCheckDelayedList
    croutine.o(i.vCoRoutineSchedule) refers to croutine.o(.bss) for .bss
    croutine.o(i.vCoRoutineSchedule) refers to croutine.o(.data) for .data
    croutine.o(i.xCoRoutineCreate) refers to heap_4.o(i.pvPortMalloc) for pvPortMalloc
    croutine.o(i.xCoRoutineCreate) refers to list.o(i.vListInitialise) for vListInitialise
    croutine.o(i.xCoRoutineCreate) refers to list.o(i.vListInitialiseItem) for vListInitialiseItem
    croutine.o(i.xCoRoutineCreate) refers to list.o(i.vListInsertEnd) for vListInsertEnd
    croutine.o(i.xCoRoutineCreate) refers to croutine.o(.data) for .data
    croutine.o(i.xCoRoutineCreate) refers to croutine.o(.bss) for .bss
    croutine.o(i.xCoRoutineRemoveFromEventList) refers to list.o(i.uxListRemove) for uxListRemove
    croutine.o(i.xCoRoutineRemoveFromEventList) refers to list.o(i.vListInsertEnd) for vListInsertEnd
    croutine.o(i.xCoRoutineRemoveFromEventList) refers to croutine.o(.bss) for .bss
    croutine.o(i.xCoRoutineRemoveFromEventList) refers to croutine.o(.data) for .data
    entry.o(.ARM.Collect$$$$00000000) refers (Special) to entry10a.o(.ARM.Collect$$$$0000000D) for __rt_final_cpp
    entry.o(.ARM.Collect$$$$00000000) refers (Special) to entry11a.o(.ARM.Collect$$$$0000000F) for __rt_final_exit
    entry.o(.ARM.Collect$$$$00000000) refers (Special) to entry7b.o(.ARM.Collect$$$$00000008) for _main_clock
    entry.o(.ARM.Collect$$$$00000000) refers (Special) to entry8b.o(.ARM.Collect$$$$0000000A) for _main_cpp_init
    entry.o(.ARM.Collect$$$$00000000) refers (Special) to entry9a.o(.ARM.Collect$$$$0000000B) for _main_init
    entry.o(.ARM.Collect$$$$00000000) refers (Special) to entry5.o(.ARM.Collect$$$$00000004) for _main_scatterload
    entry.o(.ARM.Collect$$$$00000000) refers (Special) to entry2.o(.ARM.Collect$$$$00000001) for _main_stk
    entry2.o(.ARM.Collect$$$$00000001) refers to entry2.o(.ARM.Collect$$$$00002712) for __lit__00000000
    entry2.o(.ARM.Collect$$$$00002712) refers to startup_stm32f103xb.o(STACK) for __initial_sp
    entry2.o(__vectab_stack_and_reset_area) refers to startup_stm32f103xb.o(STACK) for __initial_sp
    entry2.o(__vectab_stack_and_reset_area) refers to entry.o(.ARM.Collect$$$$00000000) for __main
    entry5.o(.ARM.Collect$$$$00000004) refers to init.o(.text) for __scatterload
    entry9a.o(.ARM.Collect$$$$0000000B) refers to main.o(i.main) for main
    entry9b.o(.ARM.Collect$$$$0000000C) refers to main.o(i.main) for main
    init.o(.text) refers to entry5.o(.ARM.Collect$$$$00000004) for __main_after_scatterload


==============================================================================

Removing Unused input sections from the image.

    Removing system_stm32f1xx.o(.rev16_text), (4 bytes).
    Removing system_stm32f1xx.o(.revsh_text), (4 bytes).
    Removing system_stm32f1xx.o(.rrx_text), (6 bytes).
    Removing system_stm32f1xx.o(i.SystemCoreClockUpdate), (104 bytes).
    Removing stm32f1xx_hal_rcc.o(.rev16_text), (4 bytes).
    Removing stm32f1xx_hal_rcc.o(.revsh_text), (4 bytes).
    Removing stm32f1xx_hal_rcc.o(.rrx_text), (6 bytes).
    Removing stm32f1xx_hal_rcc.o(i.HAL_RCC_CSSCallback), (2 bytes).
    Removing stm32f1xx_hal_rcc.o(i.HAL_RCC_ClockConfig), (264 bytes).
    Removing stm32f1xx_hal_rcc.o(i.HAL_RCC_DeInit), (68 bytes).
    Removing stm32f1xx_hal_rcc.o(i.HAL_RCC_DisableCSS), (28 bytes).
    Removing stm32f1xx_hal_rcc.o(i.HAL_RCC_EnableCSS), (24 bytes).
    Removing stm32f1xx_hal_rcc.o(i.HAL_RCC_GetClockConfig), (52 bytes).
    Removing stm32f1xx_hal_rcc.o(i.HAL_RCC_GetOscConfig), (152 bytes).
    Removing stm32f1xx_hal_rcc.o(i.HAL_RCC_MCOConfig), (72 bytes).
    Removing stm32f1xx_hal_rcc.o(i.HAL_RCC_NMI_IRQHandler), (24 bytes).
    Removing stm32f1xx_hal_pwr.o(.rev16_text), (4 bytes).
    Removing stm32f1xx_hal_pwr.o(.revsh_text), (4 bytes).
    Removing stm32f1xx_hal_pwr.o(.rrx_text), (6 bytes).
    Removing stm32f1xx_hal_pwr.o(i.HAL_PWR_ConfigPVD), (124 bytes).
    Removing stm32f1xx_hal_pwr.o(i.HAL_PWR_DeInit), (24 bytes).
    Removing stm32f1xx_hal_pwr.o(i.HAL_PWR_DisableBkUpAccess), (28 bytes).
    Removing stm32f1xx_hal_pwr.o(i.HAL_PWR_DisablePVD), (24 bytes).
    Removing stm32f1xx_hal_pwr.o(i.HAL_PWR_DisableSEVOnPend), (16 bytes).
    Removing stm32f1xx_hal_pwr.o(i.HAL_PWR_DisableSleepOnExit), (16 bytes).
    Removing stm32f1xx_hal_pwr.o(i.HAL_PWR_DisableWakeUpPin), (28 bytes).
    Removing stm32f1xx_hal_pwr.o(i.HAL_PWR_EnableBkUpAccess), (24 bytes).
    Removing stm32f1xx_hal_pwr.o(i.HAL_PWR_EnablePVD), (24 bytes).
    Removing stm32f1xx_hal_pwr.o(i.HAL_PWR_EnableSEVOnPend), (16 bytes).
    Removing stm32f1xx_hal_pwr.o(i.HAL_PWR_EnableSleepOnExit), (16 bytes).
    Removing stm32f1xx_hal_pwr.o(i.HAL_PWR_EnableWakeUpPin), (28 bytes).
    Removing stm32f1xx_hal_pwr.o(i.HAL_PWR_EnterSLEEPMode), (32 bytes).
    Removing stm32f1xx_hal_pwr.o(i.HAL_PWR_EnterSTANDBYMode), (32 bytes).
    Removing stm32f1xx_hal_pwr.o(i.HAL_PWR_EnterSTOPMode), (68 bytes).
    Removing stm32f1xx_hal_pwr.o(i.HAL_PWR_PVDCallback), (2 bytes).
    Removing stm32f1xx_hal_pwr.o(i.HAL_PWR_PVD_IRQHandler), (28 bytes).
    Removing stm32f1xx_hal_pwr.o(i.PWR_OverloadWfe), (6 bytes).
    Removing stm32f1xx_hal_adc.o(.rev16_text), (4 bytes).
    Removing stm32f1xx_hal_adc.o(.revsh_text), (4 bytes).
    Removing stm32f1xx_hal_adc.o(.rrx_text), (6 bytes).
    Removing stm32f1xx_hal_adc.o(i.ADC_DMAConvCplt), (58 bytes).
    Removing stm32f1xx_hal_adc.o(i.ADC_DMAError), (24 bytes).
    Removing stm32f1xx_hal_adc.o(i.ADC_DMAHalfConvCplt), (10 bytes).
    Removing stm32f1xx_hal_adc.o(i.ADC_Enable), (108 bytes).
    Removing stm32f1xx_hal_adc.o(i.HAL_ADC_AnalogWDGConfig), (88 bytes).
    Removing stm32f1xx_hal_adc.o(i.HAL_ADC_ConvHalfCpltCallback), (2 bytes).
    Removing stm32f1xx_hal_adc.o(i.HAL_ADC_DeInit), (228 bytes).
    Removing stm32f1xx_hal_adc.o(i.HAL_ADC_ErrorCallback), (2 bytes).
    Removing stm32f1xx_hal_adc.o(i.HAL_ADC_GetError), (4 bytes).
    Removing stm32f1xx_hal_adc.o(i.HAL_ADC_GetState), (6 bytes).
    Removing stm32f1xx_hal_adc.o(i.HAL_ADC_GetValue), (6 bytes).
    Removing stm32f1xx_hal_adc.o(i.HAL_ADC_MspDeInit), (2 bytes).
    Removing stm32f1xx_hal_adc.o(i.HAL_ADC_MspInit), (2 bytes).
    Removing stm32f1xx_hal_adc.o(i.HAL_ADC_PollForConversion), (280 bytes).
    Removing stm32f1xx_hal_adc.o(i.HAL_ADC_PollForEvent), (80 bytes).
    Removing stm32f1xx_hal_adc.o(i.HAL_ADC_Start), (136 bytes).
    Removing stm32f1xx_hal_adc.o(i.HAL_ADC_Start_DMA), (208 bytes).
    Removing stm32f1xx_hal_adc.o(i.HAL_ADC_Start_IT), (148 bytes).
    Removing stm32f1xx_hal_adc.o(i.HAL_ADC_Stop), (44 bytes).
    Removing stm32f1xx_hal_adc.o(i.HAL_ADC_Stop_DMA), (72 bytes).
    Removing stm32f1xx_hal_adc.o(i.HAL_ADC_Stop_IT), (54 bytes).
    Removing stm32f1xx_hal_rcc_ex.o(.rev16_text), (4 bytes).
    Removing stm32f1xx_hal_rcc_ex.o(.revsh_text), (4 bytes).
    Removing stm32f1xx_hal_rcc_ex.o(.rrx_text), (6 bytes).
    Removing stm32f1xx_hal_rcc_ex.o(i.HAL_RCCEx_GetPeriphCLKConfig), (44 bytes).
    Removing stm32f1xx_hal_rcc_ex.o(i.HAL_RCCEx_GetPeriphCLKFreq), (244 bytes).
    Removing stm32f1xx_hal_rcc_ex.o(i.HAL_RCC_GetClockConfig), (64 bytes).
    Removing stm32f1xx_hal_flash_ex.o(.rev16_text), (4 bytes).
    Removing stm32f1xx_hal_flash_ex.o(.revsh_text), (4 bytes).
    Removing stm32f1xx_hal_flash_ex.o(.rrx_text), (6 bytes).
    Removing stm32f1xx_hal_flash_ex.o(i.FLASH_MassErase), (36 bytes).
    Removing stm32f1xx_hal_flash_ex.o(i.FLASH_OB_DisableWRP), (164 bytes).
    Removing stm32f1xx_hal_flash_ex.o(i.FLASH_OB_EnableWRP), (168 bytes).
    Removing stm32f1xx_hal_flash_ex.o(i.FLASH_OB_GetRDP), (20 bytes).
    Removing stm32f1xx_hal_flash_ex.o(i.FLASH_OB_RDP_LevelConfig), (64 bytes).
    Removing stm32f1xx_hal_flash_ex.o(i.FLASH_PageErase), (36 bytes).
    Removing stm32f1xx_hal_flash_ex.o(i.FLASH_Program_HalfWord), (28 bytes).
    Removing stm32f1xx_hal_flash_ex.o(i.FLASH_SetErrorCode), (68 bytes).
    Removing stm32f1xx_hal_flash_ex.o(i.HAL_FLASHEx_Erase), (180 bytes).
    Removing stm32f1xx_hal_flash_ex.o(i.HAL_FLASHEx_Erase_IT), (84 bytes).
    Removing stm32f1xx_hal_flash_ex.o(i.HAL_FLASHEx_OBErase), (88 bytes).
    Removing stm32f1xx_hal_flash_ex.o(i.HAL_FLASHEx_OBGetConfig), (36 bytes).
    Removing stm32f1xx_hal_flash_ex.o(i.HAL_FLASHEx_OBProgram), (176 bytes).
    Removing stm32f1xx_hal_gpio.o(.rev16_text), (4 bytes).
    Removing stm32f1xx_hal_gpio.o(.revsh_text), (4 bytes).
    Removing stm32f1xx_hal_gpio.o(.rrx_text), (6 bytes).
    Removing stm32f1xx_hal_gpio.o(i.HAL_GPIO_DeInit), (228 bytes).
    Removing stm32f1xx_hal_gpio.o(i.HAL_GPIO_EXTI_Callback), (2 bytes).
    Removing stm32f1xx_hal_gpio.o(i.HAL_GPIO_EXTI_IRQHandler), (24 bytes).
    Removing stm32f1xx_hal_gpio.o(i.HAL_GPIO_LockPin), (34 bytes).
    Removing stm32f1xx_hal_gpio.o(i.HAL_GPIO_ReadPin), (10 bytes).
    Removing stm32f1xx_hal_gpio.o(i.HAL_GPIO_TogglePin), (8 bytes).
    Removing stm32f1xx_hal_gpio.o(i.HAL_GPIO_WritePin), (10 bytes).
    Removing stm32f1xx_hal_gpio_ex.o(.rev16_text), (4 bytes).
    Removing stm32f1xx_hal_gpio_ex.o(.revsh_text), (4 bytes).
    Removing stm32f1xx_hal_gpio_ex.o(.rrx_text), (6 bytes).
    Removing stm32f1xx_hal_gpio_ex.o(i.HAL_GPIOEx_ConfigEventout), (20 bytes).
    Removing stm32f1xx_hal_gpio_ex.o(i.HAL_GPIOEx_DisableEventout), (16 bytes).
    Removing stm32f1xx_hal_gpio_ex.o(i.HAL_GPIOEx_EnableEventout), (16 bytes).
    Removing stm32f1xx_hal_uart.o(.rev16_text), (4 bytes).
    Removing stm32f1xx_hal_uart.o(.revsh_text), (4 bytes).
    Removing stm32f1xx_hal_uart.o(.rrx_text), (6 bytes).
    Removing stm32f1xx_hal_uart.o(i.HAL_HalfDuplex_EnableReceiver), (46 bytes).
    Removing stm32f1xx_hal_uart.o(i.HAL_HalfDuplex_EnableTransmitter), (48 bytes).
    Removing stm32f1xx_hal_uart.o(i.HAL_HalfDuplex_Init), (100 bytes).
    Removing stm32f1xx_hal_uart.o(i.HAL_LIN_Init), (114 bytes).
    Removing stm32f1xx_hal_uart.o(i.HAL_LIN_SendBreak), (44 bytes).
    Removing stm32f1xx_hal_uart.o(i.HAL_MultiProcessor_EnterMuteMode), (44 bytes).
    Removing stm32f1xx_hal_uart.o(i.HAL_MultiProcessor_ExitMuteMode), (44 bytes).
    Removing stm32f1xx_hal_uart.o(i.HAL_MultiProcessor_Init), (118 bytes).
    Removing stm32f1xx_hal_uart.o(i.HAL_UART_DMAPause), (90 bytes).
    Removing stm32f1xx_hal_uart.o(i.HAL_UART_DMAResume), (104 bytes).
    Removing stm32f1xx_hal_uart.o(i.HAL_UART_DMAStop), (40 bytes).
    Removing stm32f1xx_hal_uart.o(i.HAL_UART_DeInit), (58 bytes).
    Removing stm32f1xx_hal_uart.o(i.HAL_UART_ErrorCallback), (2 bytes).
    Removing stm32f1xx_hal_uart.o(i.HAL_UART_GetError), (4 bytes).
    Removing stm32f1xx_hal_uart.o(i.HAL_UART_GetState), (6 bytes).
    Removing stm32f1xx_hal_uart.o(i.HAL_UART_IRQHandler), (242 bytes).
    Removing stm32f1xx_hal_uart.o(i.HAL_UART_MspDeInit), (2 bytes).
    Removing stm32f1xx_hal_uart.o(i.HAL_UART_MspInit), (2 bytes).
    Removing stm32f1xx_hal_uart.o(i.HAL_UART_Receive), (204 bytes).
    Removing stm32f1xx_hal_uart.o(i.HAL_UART_Receive_DMA), (136 bytes).
    Removing stm32f1xx_hal_uart.o(i.HAL_UART_Receive_IT), (106 bytes).
    Removing stm32f1xx_hal_uart.o(i.HAL_UART_RxCpltCallback), (2 bytes).
    Removing stm32f1xx_hal_uart.o(i.HAL_UART_RxHalfCpltCallback), (2 bytes).
    Removing stm32f1xx_hal_uart.o(i.HAL_UART_Transmit), (204 bytes).
    Removing stm32f1xx_hal_uart.o(i.HAL_UART_Transmit_DMA), (144 bytes).
    Removing stm32f1xx_hal_uart.o(i.HAL_UART_Transmit_IT), (96 bytes).
    Removing stm32f1xx_hal_uart.o(i.HAL_UART_TxCpltCallback), (2 bytes).
    Removing stm32f1xx_hal_uart.o(i.HAL_UART_TxHalfCpltCallback), (2 bytes).
    Removing stm32f1xx_hal_uart.o(i.UART_DMAError), (30 bytes).
    Removing stm32f1xx_hal_uart.o(i.UART_DMAReceiveCplt), (54 bytes).
    Removing stm32f1xx_hal_uart.o(i.UART_DMARxHalfCplt), (10 bytes).
    Removing stm32f1xx_hal_uart.o(i.UART_DMATransmitCplt), (46 bytes).
    Removing stm32f1xx_hal_uart.o(i.UART_DMATxHalfCplt), (10 bytes).
    Removing stm32f1xx_hal_uart.o(i.UART_Receive_IT), (168 bytes).
    Removing stm32f1xx_hal_uart.o(i.UART_Transmit_IT), (102 bytes).
    Removing stm32f1xx_hal_uart.o(i.UART_WaitOnFlagUntilTimeout), (146 bytes).
    Removing stm32f1xx_hal_flash.o(.rev16_text), (4 bytes).
    Removing stm32f1xx_hal_flash.o(.revsh_text), (4 bytes).
    Removing stm32f1xx_hal_flash.o(.rrx_text), (6 bytes).
    Removing stm32f1xx_hal_flash.o(i.FLASH_WaitForLastOperation), (80 bytes).
    Removing stm32f1xx_hal_flash.o(i.HAL_FLASH_EndOfOperationCallback), (2 bytes).
    Removing stm32f1xx_hal_flash.o(i.HAL_FLASH_GetError), (12 bytes).
    Removing stm32f1xx_hal_flash.o(i.HAL_FLASH_IRQHandler), (252 bytes).
    Removing stm32f1xx_hal_flash.o(i.HAL_FLASH_Lock), (20 bytes).
    Removing stm32f1xx_hal_flash.o(i.HAL_FLASH_OB_Launch), (10 bytes).
    Removing stm32f1xx_hal_flash.o(i.HAL_FLASH_OB_Lock), (20 bytes).
    Removing stm32f1xx_hal_flash.o(i.HAL_FLASH_OB_Unlock), (36 bytes).
    Removing stm32f1xx_hal_flash.o(i.HAL_FLASH_OperationErrorCallback), (2 bytes).
    Removing stm32f1xx_hal_flash.o(i.HAL_FLASH_Program), (128 bytes).
    Removing stm32f1xx_hal_flash.o(i.HAL_FLASH_Program_IT), (100 bytes).
    Removing stm32f1xx_hal_flash.o(i.HAL_FLASH_Unlock), (36 bytes).
    Removing stm32f1xx_hal_flash.o(.bss), (32 bytes).
    Removing stm32f1xx_hal_dma.o(.rev16_text), (4 bytes).
    Removing stm32f1xx_hal_dma.o(.revsh_text), (4 bytes).
    Removing stm32f1xx_hal_dma.o(.rrx_text), (6 bytes).
    Removing stm32f1xx_hal_dma.o(i.DMA_SetConfig), (30 bytes).
    Removing stm32f1xx_hal_dma.o(i.HAL_DMA_Abort), (82 bytes).
    Removing stm32f1xx_hal_dma.o(i.HAL_DMA_DeInit), (296 bytes).
    Removing stm32f1xx_hal_dma.o(i.HAL_DMA_GetError), (4 bytes).
    Removing stm32f1xx_hal_dma.o(i.HAL_DMA_GetState), (6 bytes).
    Removing stm32f1xx_hal_dma.o(i.HAL_DMA_PollForTransfer), (568 bytes).
    Removing stm32f1xx_hal_dma.o(i.HAL_DMA_Start), (58 bytes).
    Removing stm32f1xx_hal_dma.o(i.HAL_DMA_Start_IT), (88 bytes).
    Removing stm32f1xx_hal_adc_ex.o(.rev16_text), (4 bytes).
    Removing stm32f1xx_hal_adc_ex.o(.revsh_text), (4 bytes).
    Removing stm32f1xx_hal_adc_ex.o(.rrx_text), (6 bytes).
    Removing stm32f1xx_hal_adc_ex.o(i.HAL_ADCEx_Calibration_Start), (180 bytes).
    Removing stm32f1xx_hal_adc_ex.o(i.HAL_ADCEx_InjectedConfigChannel), (588 bytes).
    Removing stm32f1xx_hal_adc_ex.o(i.HAL_ADCEx_InjectedGetValue), (44 bytes).
    Removing stm32f1xx_hal_adc_ex.o(i.HAL_ADCEx_InjectedPollForConversion), (276 bytes).
    Removing stm32f1xx_hal_adc_ex.o(i.HAL_ADCEx_InjectedStart), (144 bytes).
    Removing stm32f1xx_hal_adc_ex.o(i.HAL_ADCEx_InjectedStart_IT), (152 bytes).
    Removing stm32f1xx_hal_adc_ex.o(i.HAL_ADCEx_InjectedStop), (78 bytes).
    Removing stm32f1xx_hal_adc_ex.o(i.HAL_ADCEx_InjectedStop_IT), (88 bytes).
    Removing stm32f1xx_hal_adc_ex.o(i.HAL_ADCEx_MultiModeConfigChannel), (96 bytes).
    Removing stm32f1xx_hal_adc_ex.o(i.HAL_ADCEx_MultiModeGetValue), (32 bytes).
    Removing stm32f1xx_hal_adc_ex.o(i.HAL_ADCEx_MultiModeStart_DMA), (216 bytes).
    Removing stm32f1xx_hal_adc_ex.o(i.HAL_ADCEx_MultiModeStop_DMA), (112 bytes).
    Removing stm32f1xx_hal_tim.o(.rev16_text), (4 bytes).
    Removing stm32f1xx_hal_tim.o(.revsh_text), (4 bytes).
    Removing stm32f1xx_hal_tim.o(.rrx_text), (6 bytes).
    Removing stm32f1xx_hal_tim.o(i.HAL_TIM_Base_DeInit), (54 bytes).
    Removing stm32f1xx_hal_tim.o(i.HAL_TIM_Base_GetState), (6 bytes).
    Removing stm32f1xx_hal_tim.o(i.HAL_TIM_Base_MspDeInit), (2 bytes).
    Removing stm32f1xx_hal_tim.o(i.HAL_TIM_Base_MspInit), (2 bytes).
    Removing stm32f1xx_hal_tim.o(i.HAL_TIM_Base_Start), (26 bytes).
    Removing stm32f1xx_hal_tim.o(i.HAL_TIM_Base_Start_DMA), (92 bytes).
    Removing stm32f1xx_hal_tim.o(i.HAL_TIM_Base_Start_IT), (24 bytes).
    Removing stm32f1xx_hal_tim.o(i.HAL_TIM_Base_Stop), (44 bytes).
    Removing stm32f1xx_hal_tim.o(i.HAL_TIM_Base_Stop_DMA), (48 bytes).
    Removing stm32f1xx_hal_tim.o(i.HAL_TIM_Base_Stop_IT), (42 bytes).
    Removing stm32f1xx_hal_tim.o(i.HAL_TIM_ConfigOCrefClear), (192 bytes).
    Removing stm32f1xx_hal_tim.o(i.HAL_TIM_ConfigTI1Input), (16 bytes).
    Removing stm32f1xx_hal_tim.o(i.HAL_TIM_DMABurst_ReadStart), (272 bytes).
    Removing stm32f1xx_hal_tim.o(i.HAL_TIM_DMABurst_ReadStop), (96 bytes).
    Removing stm32f1xx_hal_tim.o(i.HAL_TIM_DMABurst_WriteStart), (272 bytes).
    Removing stm32f1xx_hal_tim.o(i.HAL_TIM_DMABurst_WriteStop), (96 bytes).
    Removing stm32f1xx_hal_tim.o(i.HAL_TIM_Encoder_DeInit), (54 bytes).
    Removing stm32f1xx_hal_tim.o(i.HAL_TIM_Encoder_GetState), (6 bytes).
    Removing stm32f1xx_hal_tim.o(i.HAL_TIM_Encoder_Init), (150 bytes).
    Removing stm32f1xx_hal_tim.o(i.HAL_TIM_Encoder_MspDeInit), (2 bytes).
    Removing stm32f1xx_hal_tim.o(i.HAL_TIM_Encoder_MspInit), (2 bytes).
    Removing stm32f1xx_hal_tim.o(i.HAL_TIM_Encoder_Start), (52 bytes).
    Removing stm32f1xx_hal_tim.o(i.HAL_TIM_Encoder_Start_DMA), (272 bytes).
    Removing stm32f1xx_hal_tim.o(i.HAL_TIM_Encoder_Start_IT), (92 bytes).
    Removing stm32f1xx_hal_tim.o(i.HAL_TIM_Encoder_Stop), (74 bytes).
    Removing stm32f1xx_hal_tim.o(i.HAL_TIM_Encoder_Stop_DMA), (120 bytes).
    Removing stm32f1xx_hal_tim.o(i.HAL_TIM_Encoder_Stop_IT), (120 bytes).
    Removing stm32f1xx_hal_tim.o(i.HAL_TIM_ErrorCallback), (2 bytes).
    Removing stm32f1xx_hal_tim.o(i.HAL_TIM_GenerateEvent), (38 bytes).
    Removing stm32f1xx_hal_tim.o(i.HAL_TIM_IC_ConfigChannel), (282 bytes).
    Removing stm32f1xx_hal_tim.o(i.HAL_TIM_IC_DeInit), (54 bytes).
    Removing stm32f1xx_hal_tim.o(i.HAL_TIM_IC_GetState), (6 bytes).
    Removing stm32f1xx_hal_tim.o(i.HAL_TIM_IC_Init), (54 bytes).
    Removing stm32f1xx_hal_tim.o(i.HAL_TIM_IC_MspDeInit), (2 bytes).
    Removing stm32f1xx_hal_tim.o(i.HAL_TIM_IC_MspInit), (2 bytes).
    Removing stm32f1xx_hal_tim.o(i.HAL_TIM_IC_Start), (26 bytes).
    Removing stm32f1xx_hal_tim.o(i.HAL_TIM_IC_Start_DMA), (200 bytes).
    Removing stm32f1xx_hal_tim.o(i.HAL_TIM_IC_Start_IT), (76 bytes).
    Removing stm32f1xx_hal_tim.o(i.HAL_TIM_IC_Stop), (44 bytes).
    Removing stm32f1xx_hal_tim.o(i.HAL_TIM_IC_Stop_DMA), (104 bytes).
    Removing stm32f1xx_hal_tim.o(i.HAL_TIM_IC_Stop_IT), (98 bytes).
    Removing stm32f1xx_hal_tim.o(i.HAL_TIM_OC_ConfigChannel), (84 bytes).
    Removing stm32f1xx_hal_tim.o(i.HAL_TIM_OC_DeInit), (54 bytes).
    Removing stm32f1xx_hal_tim.o(i.HAL_TIM_OC_GetState), (6 bytes).
    Removing stm32f1xx_hal_tim.o(i.HAL_TIM_OC_Init), (54 bytes).
    Removing stm32f1xx_hal_tim.o(i.HAL_TIM_OC_MspDeInit), (2 bytes).
    Removing stm32f1xx_hal_tim.o(i.HAL_TIM_OC_MspInit), (2 bytes).
    Removing stm32f1xx_hal_tim.o(i.HAL_TIM_OC_Start), (48 bytes).
    Removing stm32f1xx_hal_tim.o(i.HAL_TIM_OC_Start_DMA), (228 bytes).
    Removing stm32f1xx_hal_tim.o(i.HAL_TIM_OC_Start_IT), (96 bytes).
    Removing stm32f1xx_hal_tim.o(i.HAL_TIM_OC_Stop), (76 bytes).
    Removing stm32f1xx_hal_tim.o(i.HAL_TIM_OC_Stop_DMA), (136 bytes).
    Removing stm32f1xx_hal_tim.o(i.HAL_TIM_OC_Stop_IT), (128 bytes).
    Removing stm32f1xx_hal_tim.o(i.HAL_TIM_OnePulse_ConfigChannel), (212 bytes).
    Removing stm32f1xx_hal_tim.o(i.HAL_TIM_OnePulse_DeInit), (54 bytes).
    Removing stm32f1xx_hal_tim.o(i.HAL_TIM_OnePulse_GetState), (6 bytes).
    Removing stm32f1xx_hal_tim.o(i.HAL_TIM_OnePulse_Init), (74 bytes).
    Removing stm32f1xx_hal_tim.o(i.HAL_TIM_OnePulse_MspDeInit), (2 bytes).
    Removing stm32f1xx_hal_tim.o(i.HAL_TIM_OnePulse_MspInit), (2 bytes).
    Removing stm32f1xx_hal_tim.o(i.HAL_TIM_OnePulse_Start), (48 bytes).
    Removing stm32f1xx_hal_tim.o(i.HAL_TIM_OnePulse_Start_IT), (68 bytes).
    Removing stm32f1xx_hal_tim.o(i.HAL_TIM_OnePulse_Stop), (88 bytes).
    Removing stm32f1xx_hal_tim.o(i.HAL_TIM_OnePulse_Stop_IT), (108 bytes).
    Removing stm32f1xx_hal_tim.o(i.HAL_TIM_PWM_ConfigChannel), (206 bytes).
    Removing stm32f1xx_hal_tim.o(i.HAL_TIM_PWM_DeInit), (54 bytes).
    Removing stm32f1xx_hal_tim.o(i.HAL_TIM_PWM_GetState), (6 bytes).
    Removing stm32f1xx_hal_tim.o(i.HAL_TIM_PWM_Init), (54 bytes).
    Removing stm32f1xx_hal_tim.o(i.HAL_TIM_PWM_MspDeInit), (2 bytes).
    Removing stm32f1xx_hal_tim.o(i.HAL_TIM_PWM_MspInit), (2 bytes).
    Removing stm32f1xx_hal_tim.o(i.HAL_TIM_PWM_Start), (48 bytes).
    Removing stm32f1xx_hal_tim.o(i.HAL_TIM_PWM_Start_DMA), (228 bytes).
    Removing stm32f1xx_hal_tim.o(i.HAL_TIM_PWM_Start_IT), (96 bytes).
    Removing stm32f1xx_hal_tim.o(i.HAL_TIM_PWM_Stop), (84 bytes).
    Removing stm32f1xx_hal_tim.o(i.HAL_TIM_PWM_Stop_DMA), (136 bytes).
    Removing stm32f1xx_hal_tim.o(i.HAL_TIM_PWM_Stop_IT), (128 bytes).
    Removing stm32f1xx_hal_tim.o(i.HAL_TIM_ReadCapturedValue), (68 bytes).
    Removing stm32f1xx_hal_tim.o(i.HAL_TIM_SlaveConfigSynchronization), (66 bytes).
    Removing stm32f1xx_hal_tim.o(i.HAL_TIM_SlaveConfigSynchronization_IT), (66 bytes).
    Removing stm32f1xx_hal_tim.o(i.TIM_CCxChannelCmd), (22 bytes).
    Removing stm32f1xx_hal_tim.o(i.TIM_DMACaptureCplt), (62 bytes).
    Removing stm32f1xx_hal_tim.o(i.TIM_DMADelayPulseCplt), (62 bytes).
    Removing stm32f1xx_hal_tim.o(i.TIM_DMAError), (16 bytes).
    Removing stm32f1xx_hal_tim.o(i.TIM_DMAPeriodElapsedCplt), (16 bytes).
    Removing stm32f1xx_hal_tim.o(i.TIM_DMATriggerCplt), (16 bytes).
    Removing stm32f1xx_hal_tim.o(i.TIM_OC1_SetConfig), (80 bytes).
    Removing stm32f1xx_hal_tim.o(i.TIM_OC2_SetConfig), (88 bytes).
    Removing stm32f1xx_hal_tim.o(i.TIM_OC3_SetConfig), (88 bytes).
    Removing stm32f1xx_hal_tim.o(i.TIM_OC4_SetConfig), (68 bytes).
    Removing stm32f1xx_hal_tim.o(i.TIM_SlaveTimer_SetConfig), (124 bytes).
    Removing stm32f1xx_hal_tim.o(i.TIM_TI1_SetConfig), (88 bytes).
    Removing stm32f1xx_hal_tim.o(i.TIM_TI2_SetConfig), (54 bytes).
    Removing stm32f1xx_hal.o(.rev16_text), (4 bytes).
    Removing stm32f1xx_hal.o(.revsh_text), (4 bytes).
    Removing stm32f1xx_hal.o(.rrx_text), (6 bytes).
    Removing stm32f1xx_hal.o(i.HAL_DBGMCU_DisableDBGSleepMode), (16 bytes).
    Removing stm32f1xx_hal.o(i.HAL_DBGMCU_DisableDBGStandbyMode), (16 bytes).
    Removing stm32f1xx_hal.o(i.HAL_DBGMCU_DisableDBGStopMode), (16 bytes).
    Removing stm32f1xx_hal.o(i.HAL_DBGMCU_EnableDBGSleepMode), (16 bytes).
    Removing stm32f1xx_hal.o(i.HAL_DBGMCU_EnableDBGStandbyMode), (16 bytes).
    Removing stm32f1xx_hal.o(i.HAL_DBGMCU_EnableDBGStopMode), (16 bytes).
    Removing stm32f1xx_hal.o(i.HAL_DeInit), (32 bytes).
    Removing stm32f1xx_hal.o(i.HAL_GetDEVID), (16 bytes).
    Removing stm32f1xx_hal.o(i.HAL_GetHalVersion), (6 bytes).
    Removing stm32f1xx_hal.o(i.HAL_GetREVID), (28 bytes).
    Removing stm32f1xx_hal.o(i.HAL_MspDeInit), (2 bytes).
    Removing stm32f1xx_hal.o(i.HAL_MspInit), (2 bytes).
    Removing stm32f1xx_hal.o(i.HAL_ResumeTick), (14 bytes).
    Removing stm32f1xx_hal.o(i.HAL_SuspendTick), (14 bytes).
    Removing stm32f1xx_hal_cortex.o(.rev16_text), (4 bytes).
    Removing stm32f1xx_hal_cortex.o(.revsh_text), (4 bytes).
    Removing stm32f1xx_hal_cortex.o(.rrx_text), (6 bytes).
    Removing stm32f1xx_hal_cortex.o(i.HAL_NVIC_ClearPendingIRQ), (24 bytes).
    Removing stm32f1xx_hal_cortex.o(i.HAL_NVIC_DisableIRQ), (24 bytes).
    Removing stm32f1xx_hal_cortex.o(i.HAL_NVIC_GetActive), (34 bytes).
    Removing stm32f1xx_hal_cortex.o(i.HAL_NVIC_GetPendingIRQ), (34 bytes).
    Removing stm32f1xx_hal_cortex.o(i.HAL_NVIC_GetPriority), (80 bytes).
    Removing stm32f1xx_hal_cortex.o(i.HAL_NVIC_GetPriorityGrouping), (16 bytes).
    Removing stm32f1xx_hal_cortex.o(i.HAL_NVIC_SetPendingIRQ), (24 bytes).
    Removing stm32f1xx_hal_cortex.o(i.HAL_NVIC_SystemReset), (32 bytes).
    Removing stm32f1xx_hal_cortex.o(i.HAL_SYSTICK_CLKSourceConfig), (24 bytes).
    Removing stm32f1xx_hal_cortex.o(i.HAL_SYSTICK_Callback), (2 bytes).
    Removing stm32f1xx_hal_cortex.o(i.HAL_SYSTICK_IRQHandler), (8 bytes).
    Removing stm32f1xx_hal_tim_ex.o(.rev16_text), (4 bytes).
    Removing stm32f1xx_hal_tim_ex.o(.revsh_text), (4 bytes).
    Removing stm32f1xx_hal_tim_ex.o(.rrx_text), (6 bytes).
    Removing stm32f1xx_hal_tim_ex.o(i.HAL_TIMEx_ConfigBreakDeadTime), (66 bytes).
    Removing stm32f1xx_hal_tim_ex.o(i.HAL_TIMEx_ConfigCommutationEvent), (92 bytes).
    Removing stm32f1xx_hal_tim_ex.o(i.HAL_TIMEx_ConfigCommutationEvent_DMA), (124 bytes).
    Removing stm32f1xx_hal_tim_ex.o(i.HAL_TIMEx_ConfigCommutationEvent_IT), (102 bytes).
    Removing stm32f1xx_hal_tim_ex.o(i.HAL_TIMEx_HallSensor_DeInit), (54 bytes).
    Removing stm32f1xx_hal_tim_ex.o(i.HAL_TIMEx_HallSensor_GetState), (6 bytes).
    Removing stm32f1xx_hal_tim_ex.o(i.HAL_TIMEx_HallSensor_Init), (188 bytes).
    Removing stm32f1xx_hal_tim_ex.o(i.HAL_TIMEx_HallSensor_MspDeInit), (2 bytes).
    Removing stm32f1xx_hal_tim_ex.o(i.HAL_TIMEx_HallSensor_MspInit), (2 bytes).
    Removing stm32f1xx_hal_tim_ex.o(i.HAL_TIMEx_HallSensor_Start), (28 bytes).
    Removing stm32f1xx_hal_tim_ex.o(i.HAL_TIMEx_HallSensor_Start_DMA), (104 bytes).
    Removing stm32f1xx_hal_tim_ex.o(i.HAL_TIMEx_HallSensor_Start_IT), (38 bytes).
    Removing stm32f1xx_hal_tim_ex.o(i.HAL_TIMEx_HallSensor_Stop), (46 bytes).
    Removing stm32f1xx_hal_tim_ex.o(i.HAL_TIMEx_HallSensor_Stop_DMA), (56 bytes).
    Removing stm32f1xx_hal_tim_ex.o(i.HAL_TIMEx_HallSensor_Stop_IT), (56 bytes).
    Removing stm32f1xx_hal_tim_ex.o(i.HAL_TIMEx_OCN_Start), (36 bytes).
    Removing stm32f1xx_hal_tim_ex.o(i.HAL_TIMEx_OCN_Start_DMA), (220 bytes).
    Removing stm32f1xx_hal_tim_ex.o(i.HAL_TIMEx_OCN_Start_IT), (96 bytes).
    Removing stm32f1xx_hal_tim_ex.o(i.HAL_TIMEx_OCN_Stop), (68 bytes).
    Removing stm32f1xx_hal_tim_ex.o(i.HAL_TIMEx_OCN_Stop_DMA), (126 bytes).
    Removing stm32f1xx_hal_tim_ex.o(i.HAL_TIMEx_OCN_Stop_IT), (136 bytes).
    Removing stm32f1xx_hal_tim_ex.o(i.HAL_TIMEx_OnePulseN_Start), (26 bytes).
    Removing stm32f1xx_hal_tim_ex.o(i.HAL_TIMEx_OnePulseN_Start_IT), (46 bytes).
    Removing stm32f1xx_hal_tim_ex.o(i.HAL_TIMEx_OnePulseN_Stop), (68 bytes).
    Removing stm32f1xx_hal_tim_ex.o(i.HAL_TIMEx_OnePulseN_Stop_IT), (88 bytes).
    Removing stm32f1xx_hal_tim_ex.o(i.HAL_TIMEx_PWMN_Start), (36 bytes).
    Removing stm32f1xx_hal_tim_ex.o(i.HAL_TIMEx_PWMN_Start_DMA), (220 bytes).
    Removing stm32f1xx_hal_tim_ex.o(i.HAL_TIMEx_PWMN_Start_IT), (96 bytes).
    Removing stm32f1xx_hal_tim_ex.o(i.HAL_TIMEx_PWMN_Stop), (68 bytes).
    Removing stm32f1xx_hal_tim_ex.o(i.HAL_TIMEx_PWMN_Stop_DMA), (126 bytes).
    Removing stm32f1xx_hal_tim_ex.o(i.HAL_TIMEx_PWMN_Stop_IT), (136 bytes).
    Removing stm32f1xx_hal_tim_ex.o(i.TIMEx_DMACommutationCplt), (16 bytes).
    Removing stm32f1xx_hal_tim_ex.o(i.TIM_CCxNChannelCmd), (22 bytes).
    Removing stm32f1xx_it.o(.rev16_text), (4 bytes).
    Removing stm32f1xx_it.o(.revsh_text), (4 bytes).
    Removing stm32f1xx_it.o(.rrx_text), (6 bytes).
    Removing main.o(.rev16_text), (4 bytes).
    Removing main.o(.revsh_text), (4 bytes).
    Removing main.o(.rrx_text), (6 bytes).
    Removing stm32f1xx_hal_msp.o(.rev16_text), (4 bytes).
    Removing stm32f1xx_hal_msp.o(.revsh_text), (4 bytes).
    Removing stm32f1xx_hal_msp.o(.rrx_text), (6 bytes).
    Removing stm32f1xx_hal_msp.o(i.HAL_ADC_MspDeInit), (60 bytes).
    Removing stm32f1xx_hal_msp.o(i.HAL_TIM_Base_MspDeInit), (36 bytes).
    Removing stm32f1xx_hal_msp.o(i.HAL_UART_MspDeInit), (44 bytes).
    Removing startup_stm32f103xb.o(HEAP), (512 bytes).
    Removing port.o(i.vPortEndScheduler), (24 bytes).
    Removing port.o(i.vPortValidateInterruptPriority), (64 bytes).
    Removing heap_4.o(i.vPortInitialiseBlocks), (2 bytes).
    Removing heap_4.o(i.xPortGetFreeHeapSize), (12 bytes).
    Removing heap_4.o(i.xPortGetMinimumEverFreeHeapSize), (12 bytes).
    Removing event_groups.o(i.prvTestWaitCondition), (20 bytes).
    Removing event_groups.o(i.uxEventGroupGetNumber), (8 bytes).
    Removing event_groups.o(i.vEventGroupClearBitsCallback), (4 bytes).
    Removing event_groups.o(i.vEventGroupDelete), (60 bytes).
    Removing event_groups.o(i.vEventGroupSetBitsCallback), (4 bytes).
    Removing event_groups.o(i.xEventGroupClearBits), (36 bytes).
    Removing event_groups.o(i.xEventGroupCreate), (26 bytes).
    Removing event_groups.o(i.xEventGroupGetBitsFromISR), (18 bytes).
    Removing event_groups.o(i.xEventGroupSetBits), (112 bytes).
    Removing event_groups.o(i.xEventGroupSync), (154 bytes).
    Removing event_groups.o(i.xEventGroupWaitBits), (198 bytes).
    Removing cmsis_os.o(i.inHandlerMode), (12 bytes).
    Removing cmsis_os.o(i.osDelayUntil), (4 bytes).
    Removing cmsis_os.o(i.osKernelRunning), (18 bytes).
    Removing cmsis_os.o(i.osKernelSysTick), (24 bytes).
    Removing cmsis_os.o(i.osMailAlloc), (12 bytes).
    Removing cmsis_os.o(i.osMailCAlloc), (24 bytes).
    Removing cmsis_os.o(i.osMailCreate), (92 bytes).
    Removing cmsis_os.o(i.osMailFree), (18 bytes).
    Removing cmsis_os.o(i.osMailGet), (136 bytes).
    Removing cmsis_os.o(i.osMailPut), (84 bytes).
    Removing cmsis_os.o(i.osMessageCreate), (10 bytes).
    Removing cmsis_os.o(i.osMessageGet), (136 bytes).
    Removing cmsis_os.o(i.osMessagePeek), (74 bytes).
    Removing cmsis_os.o(i.osMessagePut), (84 bytes).
    Removing cmsis_os.o(i.osMutexCreate), (6 bytes).
    Removing cmsis_os.o(i.osMutexDelete), (24 bytes).
    Removing cmsis_os.o(i.osMutexRelease), (38 bytes).
    Removing cmsis_os.o(i.osMutexWait), (60 bytes).
    Removing cmsis_os.o(i.osPoolAlloc), (96 bytes).
    Removing cmsis_os.o(i.osPoolCAlloc), (16 bytes).
    Removing cmsis_os.o(i.osPoolCreate), (94 bytes).
    Removing cmsis_os.o(i.osPoolFree), (44 bytes).
    Removing cmsis_os.o(i.osRecursiveMutexCreate), (6 bytes).
    Removing cmsis_os.o(i.osRecursiveMutexRelease), (18 bytes).
    Removing cmsis_os.o(i.osRecursiveMutexWait), (42 bytes).
    Removing cmsis_os.o(i.osSemaphoreCreate), (46 bytes).
    Removing cmsis_os.o(i.osSemaphoreDelete), (24 bytes).
    Removing cmsis_os.o(i.osSemaphoreRelease), (72 bytes).
    Removing cmsis_os.o(i.osSemaphoreWait), (60 bytes).
    Removing cmsis_os.o(i.osSystickHandler), (20 bytes).
    Removing cmsis_os.o(i.osThreadGetId), (4 bytes).
    Removing cmsis_os.o(i.osThreadGetPriority), (4 bytes).
    Removing cmsis_os.o(i.osThreadList), (4 bytes).
    Removing cmsis_os.o(i.osThreadResume), (44 bytes).
    Removing cmsis_os.o(i.osThreadResumeAll), (18 bytes).
    Removing cmsis_os.o(i.osThreadSetPriority), (22 bytes).
    Removing cmsis_os.o(i.osThreadSuspend), (10 bytes).
    Removing cmsis_os.o(i.osThreadSuspendAll), (10 bytes).
    Removing cmsis_os.o(i.osThreadTerminate), (10 bytes).
    Removing cmsis_os.o(i.osThreadYield), (10 bytes).
    Removing cmsis_os.o(i.osTimerCreate), (4 bytes).
    Removing cmsis_os.o(i.osTimerDelete), (4 bytes).
    Removing cmsis_os.o(i.osTimerStart), (4 bytes).
    Removing cmsis_os.o(i.osTimerStop), (4 bytes).
    Removing queue.o(i.prvCopyDataFromQueue), (38 bytes).
    Removing queue.o(i.prvCopyDataToQueue), (110 bytes).
    Removing queue.o(i.prvUnlockQueue), (100 bytes).
    Removing queue.o(i.ucQueueGetQueueType), (6 bytes).
    Removing queue.o(i.uxQueueGetQueueNumber), (4 bytes).
    Removing queue.o(i.uxQueueMessagesWaiting), (26 bytes).
    Removing queue.o(i.uxQueueMessagesWaitingFromISR), (14 bytes).
    Removing queue.o(i.uxQueueSpacesAvailable), (30 bytes).
    Removing queue.o(i.vQueueAddToRegistry), (40 bytes).
    Removing queue.o(i.vQueueDelete), (34 bytes).
    Removing queue.o(i.vQueueSetQueueNumber), (4 bytes).
    Removing queue.o(i.vQueueUnregisterQueue), (36 bytes).
    Removing queue.o(i.xQueueCreateCountingSemaphore), (42 bytes).
    Removing queue.o(i.xQueueCreateMutex), (80 bytes).
    Removing queue.o(i.xQueueGenericCreate), (70 bytes).
    Removing queue.o(i.xQueueGenericReceive), (302 bytes).
    Removing queue.o(i.xQueueGenericReset), (106 bytes).
    Removing queue.o(i.xQueueGenericSend), (276 bytes).
    Removing queue.o(i.xQueueGenericSendFromISR), (146 bytes).
    Removing queue.o(i.xQueueGiveMutexRecursive), (52 bytes).
    Removing queue.o(i.xQueueIsQueueEmptyFromISR), (22 bytes).
    Removing queue.o(i.xQueueIsQueueFullFromISR), (26 bytes).
    Removing queue.o(i.xQueuePeekFromISR), (74 bytes).
    Removing queue.o(i.xQueueReceiveFromISR), (118 bytes).
    Removing queue.o(i.xQueueTakeMutexRecursive), (58 bytes).
    Removing queue.o(.bss), (64 bytes).
    Removing tasks.o(i.prvListTaskWithinSingleList), (138 bytes).
    Removing tasks.o(i.prvTaskIsTaskSuspended), (44 bytes).
    Removing tasks.o(i.pvTaskIncrementMutexHeldCount), (24 bytes).
    Removing tasks.o(i.uxTaskGetNumberOfTasks), (12 bytes).
    Removing tasks.o(i.uxTaskGetSystemState), (148 bytes).
    Removing tasks.o(i.uxTaskGetTaskNumber), (8 bytes).
    Removing tasks.o(i.uxTaskPriorityGet), (28 bytes).
    Removing tasks.o(i.uxTaskResetEventItemValue), (24 bytes).
    Removing tasks.o(i.vTaskDelete), (140 bytes).
    Removing tasks.o(i.vTaskEndScheduler), (24 bytes).
    Removing tasks.o(i.vTaskMissedYield), (12 bytes).
    Removing tasks.o(i.vTaskPlaceOnEventList), (88 bytes).
    Removing tasks.o(i.vTaskPlaceOnUnorderedEventList), (108 bytes).
    Removing tasks.o(i.vTaskPriorityInherit), (132 bytes).
    Removing tasks.o(i.vTaskPrioritySet), (172 bytes).
    Removing tasks.o(i.vTaskResume), (104 bytes).
    Removing tasks.o(i.vTaskSetTaskNumber), (8 bytes).
    Removing tasks.o(i.vTaskSetTimeOutState), (28 bytes).
    Removing tasks.o(i.vTaskSuspend), (156 bytes).
    Removing tasks.o(i.xTaskCheckForTimeOut), (88 bytes).
    Removing tasks.o(i.xTaskGetCurrentTaskHandle), (12 bytes).
    Removing tasks.o(i.xTaskGetTickCount), (24 bytes).
    Removing tasks.o(i.xTaskGetTickCountFromISR), (28 bytes).
    Removing tasks.o(i.xTaskPriorityDisinherit), (120 bytes).
    Removing tasks.o(i.xTaskRemoveFromEventList), (108 bytes).
    Removing tasks.o(i.xTaskRemoveFromUnorderedEventList), (100 bytes).
    Removing tasks.o(i.xTaskResumeFromISR), (120 bytes).
    Removing croutine.o(i.prvCheckDelayedList), (132 bytes).
    Removing croutine.o(i.vCoRoutineAddToDelayedList), (64 bytes).
    Removing croutine.o(i.vCoRoutineSchedule), (156 bytes).
    Removing croutine.o(i.xCoRoutineCreate), (176 bytes).
    Removing croutine.o(i.xCoRoutineRemoveFromEventList), (52 bytes).
    Removing croutine.o(.bss), (100 bytes).
    Removing croutine.o(.data), (28 bytes).

474 unused section(s) (total 28924 bytes) removed from the image.

==============================================================================

Memory Map of the image

  Image Entry point : 0x00000000

  Load Region LR_IROM1 (Base: 0x08000000, Size: 0x00002994, Max: 0x00010000, ABSOLUTE)

    Execution Region ER_IROM1 (Base: 0x08000000, Size: 0x00002914, Max: 0x00010000, ABSOLUTE)

    Base Addr    Size         Type   Attr      Idx    E Section Name        Object

    0x08000000   0x000000ec   Data   RO         2615    RESET               startup_stm32f103xb.o
    0x080000ec   0x00000000   Code   RO         3610  * .ARM.Collect$$$$00000000  mc_w.l(entry.o)
    0x080000ec   0x00000004   Code   RO         3621    .ARM.Collect$$$$00000001  mc_w.l(entry2.o)
    0x080000f0   0x00000004   Code   RO         3624    .ARM.Collect$$$$00000004  mc_w.l(entry5.o)
    0x080000f4   0x00000000   Code   RO         3626    .ARM.Collect$$$$00000008  mc_w.l(entry7b.o)
    0x080000f4   0x00000000   Code   RO         3628    .ARM.Collect$$$$0000000A  mc_w.l(entry8b.o)
    0x080000f4   0x00000008   Code   RO         3629    .ARM.Collect$$$$0000000B  mc_w.l(entry9a.o)
    0x080000fc   0x00000000   Code   RO         3631    .ARM.Collect$$$$0000000D  mc_w.l(entry10a.o)
    0x080000fc   0x00000000   Code   RO         3633    .ARM.Collect$$$$0000000F  mc_w.l(entry11a.o)
    0x080000fc   0x00000004   Code   RO         3622    .ARM.Collect$$$$00002712  mc_w.l(entry2.o)
    0x08000100   0x000000a2   Code   RO         2620    .emb_text           port.o
    0x080001a2   0x00000002   PAD
    0x080001a4   0x00000024   Code   RO         2616    .text               startup_stm32f103xb.o
    0x080001c8   0x00000024   Code   RO         3615    .text               mc_w.l(memcpya.o)
    0x080001ec   0x00000024   Code   RO         3617    .text               mc_w.l(memseta.o)
    0x08000210   0x00000024   Code   RO         3635    .text               mc_w.l(init.o)
    0x08000234   0x0000000c   Code   RO         2392    i.ADC1_2_IRQHandler  stm32f1xx_it.o
    0x08000240   0x0000004a   Code   RO          353    i.ADC_ConversionStop_Disable  stm32f1xx_hal_adc.o
    0x0800028a   0x00000002   PAD
    0x0800028c   0x0000000c   Code   RO         2393    i.DMA1_Channel1_IRQHandler  stm32f1xx_it.o
    0x08000298   0x00000002   Code   RO         1183    i.HAL_ADCEx_InjectedConvCpltCallback  stm32f1xx_hal_adc_ex.o
    0x0800029a   0x00000002   PAD
    0x0800029c   0x00000164   Code   RO          359    i.HAL_ADC_ConfigChannel  stm32f1xx_hal_adc.o
    0x08000400   0x00000002   Code   RO          360    i.HAL_ADC_ConvCpltCallback  stm32f1xx_hal_adc.o
    0x08000402   0x000000f2   Code   RO          367    i.HAL_ADC_IRQHandler  stm32f1xx_hal_adc.o
    0x080004f4   0x00000108   Code   RO          368    i.HAL_ADC_Init      stm32f1xx_hal_adc.o
    0x080005fc   0x00000002   Code   RO          369    i.HAL_ADC_LevelOutOfWindowCallback  stm32f1xx_hal_adc.o
    0x080005fe   0x00000002   PAD
    0x08000600   0x00000078   Code   RO         2546    i.HAL_ADC_MspInit   stm32f1xx_hal_msp.o
    0x08000678   0x0000026c   Code   RO         1109    i.HAL_DMA_IRQHandler  stm32f1xx_hal_dma.o
    0x080008e4   0x00000050   Code   RO         1110    i.HAL_DMA_Init      stm32f1xx_hal_dma.o
    0x08000934   0x00000016   Code   RO         1915    i.HAL_Delay         stm32f1xx_hal.o
    0x0800094a   0x00000002   PAD
    0x0800094c   0x000001d8   Code   RO          675    i.HAL_GPIO_Init     stm32f1xx_hal_gpio.o
    0x08000b24   0x0000000c   Code   RO         1919    i.HAL_GetTick       stm32f1xx_hal.o
    0x08000b30   0x00000010   Code   RO         1920    i.HAL_IncTick       stm32f1xx_hal.o
    0x08000b40   0x00000024   Code   RO         1921    i.HAL_Init          stm32f1xx_hal.o
    0x08000b64   0x00000022   Code   RO         1922    i.HAL_InitTick      stm32f1xx_hal.o
    0x08000b86   0x00000002   PAD
    0x08000b88   0x00000028   Code   RO         2547    i.HAL_MspInit       stm32f1xx_hal_msp.o
    0x08000bb0   0x00000018   Code   RO         2044    i.HAL_NVIC_EnableIRQ  stm32f1xx_hal_cortex.o
    0x08000bc8   0x00000040   Code   RO         2050    i.HAL_NVIC_SetPriority  stm32f1xx_hal_cortex.o
    0x08000c08   0x00000024   Code   RO         2051    i.HAL_NVIC_SetPriorityGrouping  stm32f1xx_hal_cortex.o
    0x08000c2c   0x00000124   Code   RO          535    i.HAL_RCCEx_PeriphCLKConfig  stm32f1xx_hal_rcc_ex.o
    0x08000d50   0x00000288   Code   RO          536    i.HAL_RCC_ClockConfig  stm32f1xx_hal_rcc_ex.o
    0x08000fd8   0x00000034   Code   RO          125    i.HAL_RCC_GetHCLKFreq  stm32f1xx_hal_rcc.o
    0x0800100c   0x0000002c   Code   RO          127    i.HAL_RCC_GetPCLK1Freq  stm32f1xx_hal_rcc.o
    0x08001038   0x0000002c   Code   RO          128    i.HAL_RCC_GetPCLK2Freq  stm32f1xx_hal_rcc.o
    0x08001064   0x00000090   Code   RO          129    i.HAL_RCC_GetSysClockFreq  stm32f1xx_hal_rcc.o
    0x080010f4   0x0000069e   Code   RO          132    i.HAL_RCC_OscConfig  stm32f1xx_hal_rcc.o
    0x08001792   0x00000028   Code   RO         2055    i.HAL_SYSTICK_Config  stm32f1xx_hal_cortex.o
    0x080017ba   0x00000002   Code   RO         2159    i.HAL_TIMEx_BreakCallback  stm32f1xx_hal_tim_ex.o
    0x080017bc   0x00000002   Code   RO         2160    i.HAL_TIMEx_CommutationCallback  stm32f1xx_hal_tim_ex.o
    0x080017be   0x00000050   Code   RO         2176    i.HAL_TIMEx_MasterConfigSynchronization  stm32f1xx_hal_tim_ex.o
    0x0800180e   0x00000036   Code   RO         1279    i.HAL_TIM_Base_Init  stm32f1xx_hal_tim.o
    0x08001844   0x0000003c   Code   RO         2549    i.HAL_TIM_Base_MspInit  stm32f1xx_hal_msp.o
    0x08001880   0x000000f0   Code   RO         1288    i.HAL_TIM_ConfigClockSource  stm32f1xx_hal_tim.o
    0x08001970   0x00000002   Code   RO         1308    i.HAL_TIM_IC_CaptureCallback  stm32f1xx_hal_tim.o
    0x08001972   0x00000166   Code   RO         1321    i.HAL_TIM_IRQHandler  stm32f1xx_hal_tim.o
    0x08001ad8   0x00000002   Code   RO         1324    i.HAL_TIM_OC_DelayElapsedCallback  stm32f1xx_hal_tim.o
    0x08001ada   0x00000002   Code   RO         1351    i.HAL_TIM_PWM_PulseFinishedCallback  stm32f1xx_hal_tim.o
    0x08001adc   0x00000002   Code   RO         1358    i.HAL_TIM_PeriodElapsedCallback  stm32f1xx_hal_tim.o
    0x08001ade   0x00000002   Code   RO         1362    i.HAL_TIM_TriggerCallback  stm32f1xx_hal_tim.o
    0x08001ae0   0x0000005e   Code   RO          790    i.HAL_UART_Init     stm32f1xx_hal_uart.o
    0x08001b3e   0x00000002   PAD
    0x08001b40   0x00000058   Code   RO         2551    i.HAL_UART_MspInit  stm32f1xx_hal_msp.o
    0x08001b98   0x0000008c   Code   RO         2480    i.MX_ADC1_Init      main.o
    0x08001c24   0x00000044   Code   RO         2481    i.MX_TIM1_Init      main.o
    0x08001c68   0x00000020   Code   RO         2057    i.NVIC_SetPriority  stm32f1xx_hal_cortex.o
    0x08001c88   0x00000008   Code   RO         2482    i.StartDefaultTask  main.o
    0x08001c90   0x00000020   Code   RO         2483    i.StartTask02       main.o
    0x08001cb0   0x00000008   Code   RO         2484    i.StartTask03       main.o
    0x08001cb8   0x00000016   Code   RO         2394    i.SysTick_Handler   stm32f1xx_it.o
    0x08001cce   0x00000002   PAD
    0x08001cd0   0x00000058   Code   RO         2485    i.SystemClock_Config  main.o
    0x08001d28   0x00000048   Code   RO            5    i.SystemInit        system_stm32f1xx.o
    0x08001d70   0x0000000c   Code   RO         2395    i.TIM1_UP_IRQHandler  stm32f1xx_it.o
    0x08001d7c   0x00000064   Code   RO         1363    i.TIM_Base_SetConfig  stm32f1xx_hal_tim.o
    0x08001de0   0x00000014   Code   RO         1370    i.TIM_ETR_SetConfig  stm32f1xx_hal_tim.o
    0x08001df4   0x00000010   Code   RO         1371    i.TIM_ITRx_SetConfig  stm32f1xx_hal_tim.o
    0x08001e04   0x00000022   Code   RO         1377    i.TIM_TI1_ConfigInputStage  stm32f1xx_hal_tim.o
    0x08001e26   0x00000024   Code   RO         1379    i.TIM_TI2_ConfigInputStage  stm32f1xx_hal_tim.o
    0x08001e4a   0x00000002   PAD
    0x08001e4c   0x000000e0   Code   RO          809    i.UART_SetConfig    stm32f1xx_hal_uart.o
    0x08001f2c   0x000000c8   Code   RO         2486    i.main              main.o
    0x08001ff4   0x0000000c   Code   RO         2863    i.makeFreeRtosPriority  cmsis_os.o
    0x08002000   0x0000000e   Code   RO         2864    i.osDelay           cmsis_os.o
    0x0800200e   0x0000000a   Code   RO         2867    i.osKernelStart     cmsis_os.o
    0x08002018   0x00000038   Code   RO         2895    i.osThreadCreate    cmsis_os.o
    0x08002050   0x00000034   Code   RO         3328    i.prvAddCurrentTaskToDelayedList  tasks.o
    0x08002084   0x00000054   Code   RO         3329    i.prvCheckTasksWaitingTermination  tasks.o
    0x080020d8   0x0000004c   Code   RO         2742    i.prvHeapInit       heap_4.o
    0x08002124   0x00000018   Code   RO         3330    i.prvIdleTask       tasks.o
    0x0800213c   0x0000004c   Code   RO         2743    i.prvInsertBlockIntoFreeList  heap_4.o
    0x08002188   0x00000020   Code   RO         3332    i.prvResetNextTaskUnblockTime  tasks.o
    0x080021a8   0x00000018   Code   RO         2621    i.prvTaskExitError  port.o
    0x080021c0   0x000000bc   Code   RO         2744    i.pvPortMalloc      heap_4.o
    0x0800227c   0x00000020   Code   RO         2622    i.pxPortInitialiseStack  port.o
    0x0800229c   0x00000024   Code   RO         2691    i.uxListRemove      list.o
    0x080022c0   0x00000016   Code   RO         2692    i.vListInitialise   list.o
    0x080022d6   0x00000006   Code   RO         2693    i.vListInitialiseItem  list.o
    0x080022dc   0x00000030   Code   RO         2694    i.vListInsert       list.o
    0x0800230c   0x00000018   Code   RO         2695    i.vListInsertEnd    list.o
    0x08002324   0x00000034   Code   RO         2624    i.vPortEnterCritical  port.o
    0x08002358   0x00000024   Code   RO         2625    i.vPortExitCritical  port.o
    0x0800237c   0x00000048   Code   RO         2745    i.vPortFree         heap_4.o
    0x080023c4   0x00000020   Code   RO         2626    i.vPortSetupTimerInterrupt  port.o
    0x080023e4   0x00000018   Code   RO         2628    i.vPortYield        port.o
    0x080023fc   0x00000050   Code   RO         3340    i.vTaskDelay        tasks.o
    0x0800244c   0x0000004c   Code   RO         3351    i.vTaskStartScheduler  tasks.o
    0x08002498   0x00000010   Code   RO         3353    i.vTaskSuspendAll   tasks.o
    0x080024a8   0x00000054   Code   RO         3354    i.vTaskSwitchContext  tasks.o
    0x080024fc   0x00000078   Code   RO         2629    i.xPortStartScheduler  port.o
    0x08002574   0x00000024   Code   RO         2630    i.xPortSysTickHandler  port.o
    0x08002598   0x00000184   Code   RO         3356    i.xTaskGenericCreate  tasks.o
    0x0800271c   0x0000001c   Code   RO         3358    i.xTaskGetSchedulerState  tasks.o
    0x08002738   0x000000c0   Code   RO         3361    i.xTaskIncrementTick  tasks.o
    0x080027f8   0x000000ac   Code   RO         3365    i.xTaskResumeAll    tasks.o
    0x080028a4   0x00000010   Data   RO          133    .constdata          stm32f1xx_hal_rcc.o
    0x080028b4   0x0000003c   Data   RO         2489    .constdata          main.o
    0x080028f0   0x00000023   Data   RO         2490    .conststring        main.o
    0x08002913   0x00000001   PAD
    0x08002914   0x00000000   Data   RO         3637    Region$$Table       anon$$obj.o


    Execution Region RW_IRAM1 (Base: 0x20000000, Size: 0x00000e28, Max: 0x00005000, ABSOLUTE)

    Base Addr    Size         Type   Attr      Idx    E Section Name        Object

    0x20000000   0x00000014   Data   RW            6    .data               system_stm32f1xx.o
    0x20000014   0x00000004   Data   RW         1927    .data               stm32f1xx_hal.o
    0x20000018   0x0000000c   Data   RW         2491    .data               main.o
    0x20000024   0x0000000c   Data   RW         2631    .data               port.o
    0x20000030   0x00000018   Data   RW         2750    .data               heap_4.o
    0x20000048   0x00000038   Data   RW         3368    .data               tasks.o
    0x20000080   0x000000ac   Zero   RW         2487    .bss                main.o
    0x2000012c   0x00000038   Zero   RW         2488    .bss                main.o
    0x20000164   0x000007d0   Zero   RW         2749    .bss                heap_4.o
    0x20000934   0x000000f0   Zero   RW         3367    .bss                tasks.o
    0x20000a24   0x00000004   PAD
    0x20000a28   0x00000400   Zero   RW         2613    STACK               startup_stm32f103xb.o

